{
  "carSliceId": {
    "_type": "sliceIds",
    "_data": [
      {
        "add": [
          "car1",
          "car2"
        ],
        "_hash": "_nk8S8AyHcfQkgZB4h7np7"
      }
    ],
    "_hash": "1rpYtBgvbwjpxWRubY4PLG",
    "tableCfg": "4yM_dWqrCcWxWyt93d4LJx"
  },
  "carManufacturer": {
    "_data": [
      {
        "manufacturer": "Tesla",
        "_hash": "QpyVdIP4-QnBEUVLsccjHG"
      }
    ],
    "_hash": "6oBviXYDfXkvJkNd39roB5",
    "tableCfg": "KGIbzSm1TAVuOyAVWgTYdh"
  },
  "carLength": {
    "_data": [
      {
        "length": 5036,
        "_hash": "poMsKI0UqeEM6h8qKVF3IU"
      },
      {
        "length": 4751,
        "_hash": "H87S-yPo8pVfZc1_RsEREk"
      }
    ],
    "_hash": "MEq_LmR9Jg1W9VZjv8kOtJ",
    "tableCfg": "YYrt-fP8Rg8b3xTKEHEJz3"
  },
  "carWidth": {
    "_data": [
      {
        "width": 1999,
        "_hash": "8EZxlYaF4z0HUMAW6bXsN6"
      },
      {
        "width": 1921,
        "_hash": "UBLIJHMX5Q7lso4Sqfc2lQ"
      }
    ],
    "_hash": "4kwltPnJwIgNBUwOTp8H34",
    "tableCfg": "aZHmo4nmJsKVLdAPrk-s7C"
  },
  "carHeight": {
    "_data": [
      {
        "height": 1684,
        "_hash": "QtTfCbiTktna-iwRI0RsAa"
      },
      {
        "height": 1624,
        "_hash": "Mbhc6ZN7VtXEt6FEink6VQ"
      }
    ],
    "_hash": "4QM2Av2JaIEKPkj9gYTF4k",
    "tableCfg": "nS6-OoiZREN9-ZK5-fEp2G"
  },
  "carDimension": {
    "_data": [
      {
        "carLengthRef": "poMsKI0UqeEM6h8qKVF3IU",
        "carWidthRef": "8EZxlYaF4z0HUMAW6bXsN6",
        "carHeightRef": "QtTfCbiTktna-iwRI0RsAa",
        "_hash": "GXndSxXdHagZXqW2YEw2uL"
      },
      {
        "carLengthRef": "H87S-yPo8pVfZc1_RsEREk",
        "carWidthRef": "UBLIJHMX5Q7lso4Sqfc2lQ",
        "carHeightRef": "Mbhc6ZN7VtXEt6FEink6VQ",
        "_hash": "1r71iomvWePyWZhrRY4E7P"
      }
    ],
    "_type": "components",
    "_hash": "WRVmQaIBHg-QI80WRChCbj",
    "tableCfg": "MNEseS2cuapkWJcb-ywJV6"
  },
  "carManufacturerLayer": {
    "_type": "layers",
    "_data": [
      {
        "add": {
          "car1": "QpyVdIP4-QnBEUVLsccjHG",
          "car2": "QpyVdIP4-QnBEUVLsccjHG",
          "_hash": "iudxEghRivvWxko6so9q-2"
        },
        "sliceIdsTable": "carSliceId",
        "sliceIdsTableRow": "_nk8S8AyHcfQkgZB4h7np7",
        "componentsTable": "carManufacturer",
        "_hash": "zOu5K9QHP3VskL0QZUe5Mv"
      }
    ],
    "_hash": "nKkG6_SVTkiB7j-_I33xkD",
    "tableCfg": "Q5jnbgJwD4BG-_KYdrdJXZ"
  },
  "carDimensionLayer": {
    "_type": "layers",
    "_data": [
      {
        "add": {
          "car1": "GXndSxXdHagZXqW2YEw2uL",
          "car2": "1r71iomvWePyWZhrRY4E7P",
          "_hash": "tz37YKofsSFxYSlti3tI8u"
        },
        "sliceIdsTable": "carSliceId",
        "sliceIdsTableRow": "_nk8S8AyHcfQkgZB4h7np7",
        "componentsTable": "carDimension",
        "_hash": "81m-dmhExa0Fm9KaNcEnL9"
      }
    ],
    "_hash": "njxIUxZ4hxFkOjueCW_kKQ",
    "tableCfg": "l-crglZ5YIcOYjOK6clY2d"
  },
  "carManufacturerHistory": {
    "_type": "history",
    "_data": [],
    "tableCfg": "hLx9CU5sMpM9uESxFxbLFa",
    "_hash": "Cev3LuKt1pPP1fjkthyySm"
  },
  "carLengthHistory": {
    "_type": "history",
    "_data": [],
    "tableCfg": "mTnT2b6wRnoA5WBITyN9gH",
    "_hash": "Cpg4i7NeEG1GC8PdT3pkgf"
  },
  "carWidthHistory": {
    "_type": "history",
    "_data": [],
    "tableCfg": "P3mQ7VLVnYnguc9xtOJVNw",
    "_hash": "xUcqG9CAsF1lL2zy_au4sz"
  },
  "carHeightHistory": {
    "_type": "history",
    "_data": [],
    "tableCfg": "tT5RvNQXLH21c38kqTxSmc",
    "_hash": "YPo7_we66NEwuhIHl_T1EZ"
  },
  "carDimensionHistory": {
    "_type": "history",
    "_data": [],
    "tableCfg": "G78woQTMgjlAyRo_mLaRxL",
    "_hash": "-OhOlI2ZCSgetEKdDhM3s1"
  },
  "carManufacturerLayerHistory": {
    "_type": "history",
    "_data": [],
    "tableCfg": "xKWsyVs2rzG93vpg-XlEY_",
    "_hash": "09kv6t0IBaoJq9SVztjP56"
  },
  "carDimensionLayerHistory": {
    "_type": "history",
    "_data": [],
    "tableCfg": "V-MSJXZy71rwU8wxVCVn8Y",
    "_hash": "pABJkrw2evvPu6xCHT3AT1"
  },
  "carCakeHistory": {
    "_type": "history",
    "_data": [],
    "tableCfg": "D656vP5hULH5lwAilFpanT",
    "_hash": "hKj2sGTSFbfqnNAhcLzxfK"
  },
  "carSliceIdHistory": {
    "_type": "history",
    "_data": [],
    "tableCfg": "dvbj8AbTNiHSOJRU-jkJGM",
    "_hash": "NxSzT8QzX6n5ZLhJuJdwm1"
  },
  "carCake": {
    "_type": "cakes",
    "_data": [
      {
        "sliceIdsTable": "carSliceId",
        "sliceIdsRow": "_nk8S8AyHcfQkgZB4h7np7",
        "layers": {
          "carManufacturerLayer": "zOu5K9QHP3VskL0QZUe5Mv",
          "carDimensionLayer": "81m-dmhExa0Fm9KaNcEnL9",
          "_hash": "rpTLIIkfmkxgsowYNYmOnl"
        },
        "_hash": "OLFDS3Y3_EL394Hzz_f6xZ"
      }
    ],
    "tableCfg": "5tcrs9FhrPleZv_JXzetfy",
    "_hash": "fXgFBsGJPi0tAGTX4SuOyP"
  },
  "tableCfgs": {
    "_type": "tableCfgs",
    "_data": [
      {
        "key": "carManufacturerLayer",
        "type": "layers",
        "columns": [
          {
            "key": "_hash",
            "type": "string",
            "titleLong": "Hash",
            "titleShort": "Hash",
            "_hash": "Np5O9L6tfUaUFTAYyx6g5E"
          },
          {
            "key": "base",
            "type": "string",
            "titleLong": "Base",
            "titleShort": "Base",
            "_hash": "EfTZIQZC5xpkbx3LcIDhlS"
          },
          {
            "key": "sliceIdsTable",
            "type": "string",
            "titleLong": "Slice Ids Table",
            "titleShort": "Slice Ids Table",
            "_hash": "1k77uzMUkjc7tCJlGN31GI"
          },
          {
            "key": "sliceIdsTableRow",
            "type": "string",
            "titleLong": "Slice Ids Table Row",
            "titleShort": "Slice Ids Table Row",
            "_hash": "b7tMAXjYmRs96pxCcwt812"
          },
          {
            "key": "componentsTable",
            "type": "string",
            "titleLong": "Components Table",
            "titleShort": "Components Table",
            "_hash": "8oL-bX7Ty76VQFzuIWBrdg"
          },
          {
            "key": "add",
            "type": "json",
            "titleLong": "Add",
            "titleShort": "Add",
            "_hash": "FZN1kwlNoq9Cv6qIWvNg-3"
          },
          {
            "key": "remove",
            "type": "json",
            "titleLong": "Remove",
            "titleShort": "Remove",
            "_hash": "UXIjvdKRUxEq3KTXudtaon"
          }
        ],
        "isHead": false,
        "isRoot": false,
        "isShared": true,
        "_hash": "Q5jnbgJwD4BG-_KYdrdJXZ"
      },
      {
        "key": "carManufacturerLayerHistory",
        "type": "history",
        "columns": [
          {
            "key": "_hash",
            "type": "string",
            "titleLong": "Hash",
            "titleShort": "Hash",
            "_hash": "Np5O9L6tfUaUFTAYyx6g5E"
          },
          {
            "key": "timeId",
            "type": "string",
            "titleLong": "Time ID",
            "titleShort": "Time ID",
            "_hash": "h3f2KT-46nyCtBx3cx3P-r"
          },
          {
            "key": "carManufacturerLayerRef",
            "type": "string",
            "titleLong": "Reference",
            "titleShort": "Ref",
            "_hash": "UfNb2fERvGGLTlouZxJnO4"
          },
          {
            "key": "route",
            "type": "string",
            "titleLong": "Route",
            "titleShort": "Route",
            "_hash": "Vn9lhEP3B4VYT2iRPuknGj"
          },
          {
            "key": "origin",
            "type": "string",
            "titleLong": "Origin",
            "titleShort": "Origin",
            "_hash": "kUSefbcu2Ozrq2HKvZTpRz"
          },
          {
            "key": "previous",
            "type": "jsonArray",
            "titleLong": "Previous",
            "titleShort": "Previous",
            "_hash": "BTy3s7x-cGnl0N0i1rY2wG"
          }
        ],
        "isHead": false,
        "isRoot": false,
        "isShared": false,
        "_hash": "xKWsyVs2rzG93vpg-XlEY_"
      },
      {
        "key": "carDimensionLayer",
        "type": "layers",
        "columns": [
          {
            "key": "_hash",
            "type": "string",
            "titleLong": "Hash",
            "titleShort": "Hash",
            "_hash": "Np5O9L6tfUaUFTAYyx6g5E"
          },
          {
            "key": "base",
            "type": "string",
            "titleLong": "Base",
            "titleShort": "Base",
            "_hash": "EfTZIQZC5xpkbx3LcIDhlS"
          },
          {
            "key": "sliceIdsTable",
            "type": "string",
            "titleLong": "Slice Ids Table",
            "titleShort": "Slice Ids Table",
            "_hash": "1k77uzMUkjc7tCJlGN31GI"
          },
          {
            "key": "sliceIdsTableRow",
            "type": "string",
            "titleLong": "Slice Ids Table Row",
            "titleShort": "Slice Ids Table Row",
            "_hash": "b7tMAXjYmRs96pxCcwt812"
          },
          {
            "key": "componentsTable",
            "type": "string",
            "titleLong": "Components Table",
            "titleShort": "Components Table",
            "_hash": "8oL-bX7Ty76VQFzuIWBrdg"
          },
          {
            "key": "add",
            "type": "json",
            "titleLong": "Add",
            "titleShort": "Add",
            "_hash": "FZN1kwlNoq9Cv6qIWvNg-3"
          },
          {
            "key": "remove",
            "type": "json",
            "titleLong": "Remove",
            "titleShort": "Remove",
            "_hash": "UXIjvdKRUxEq3KTXudtaon"
          }
        ],
        "isHead": false,
        "isRoot": false,
        "isShared": true,
        "_hash": "l-crglZ5YIcOYjOK6clY2d"
      },
      {
        "key": "carDimensionLayerHistory",
        "type": "history",
        "columns": [
          {
            "key": "_hash",
            "type": "string",
            "titleLong": "Hash",
            "titleShort": "Hash",
            "_hash": "Np5O9L6tfUaUFTAYyx6g5E"
          },
          {
            "key": "timeId",
            "type": "string",
            "titleLong": "Time ID",
            "titleShort": "Time ID",
            "_hash": "h3f2KT-46nyCtBx3cx3P-r"
          },
          {
            "key": "carDimensionLayerRef",
            "type": "string",
            "titleLong": "Reference",
            "titleShort": "Ref",
            "_hash": "CPotFyChzRXoZ5C30eRq8x"
          },
          {
            "key": "route",
            "type": "string",
            "titleLong": "Route",
            "titleShort": "Route",
            "_hash": "Vn9lhEP3B4VYT2iRPuknGj"
          },
          {
            "key": "origin",
            "type": "string",
            "titleLong": "Origin",
            "titleShort": "Origin",
            "_hash": "kUSefbcu2Ozrq2HKvZTpRz"
          },
          {
            "key": "previous",
            "type": "jsonArray",
            "titleLong": "Previous",
            "titleShort": "Previous",
            "_hash": "BTy3s7x-cGnl0N0i1rY2wG"
          }
        ],
        "isHead": false,
        "isRoot": false,
        "isShared": false,
        "_hash": "V-MSJXZy71rwU8wxVCVn8Y"
      },
      {
        "key": "carManufacturer",
        "type": "components",
        "columns": [
          {
            "key": "_hash",
            "type": "string",
            "titleLong": "Hash",
            "titleShort": "Hash",
            "_hash": "Np5O9L6tfUaUFTAYyx6g5E"
          },
          {
            "key": "manufacturer",
            "type": "string",
            "titleLong": "Manufacturer",
            "titleShort": "manufacturer",
            "_hash": "mwM9JT5fVicdLRxUtDFx-9"
          }
        ],
        "isHead": false,
        "isRoot": false,
        "isShared": false,
        "_hash": "KGIbzSm1TAVuOyAVWgTYdh"
      },
      {
        "key": "carManufacturerHistory",
        "type": "history",
        "columns": [
          {
            "key": "_hash",
            "type": "string",
            "titleLong": "Hash",
            "titleShort": "Hash",
            "_hash": "Np5O9L6tfUaUFTAYyx6g5E"
          },
          {
            "key": "timeId",
            "type": "string",
            "titleLong": "Time ID",
            "titleShort": "Time ID",
            "_hash": "h3f2KT-46nyCtBx3cx3P-r"
          },
          {
            "key": "carManufacturerRef",
            "type": "string",
            "titleLong": "Reference",
            "titleShort": "Ref",
            "_hash": "jlmgvYPhL8GaDGScMTnvr1"
          },
          {
            "key": "route",
            "type": "string",
            "titleLong": "Route",
            "titleShort": "Route",
            "_hash": "Vn9lhEP3B4VYT2iRPuknGj"
          },
          {
            "key": "origin",
            "type": "string",
            "titleLong": "Origin",
            "titleShort": "Origin",
            "_hash": "kUSefbcu2Ozrq2HKvZTpRz"
          },
          {
            "key": "previous",
            "type": "jsonArray",
            "titleLong": "Previous",
            "titleShort": "Previous",
            "_hash": "BTy3s7x-cGnl0N0i1rY2wG"
          }
        ],
        "isHead": false,
        "isRoot": false,
        "isShared": false,
        "_hash": "hLx9CU5sMpM9uESxFxbLFa"
      },
      {
        "key": "carLength",
        "type": "components",
        "columns": [
          {
            "key": "_hash",
            "type": "string",
            "titleLong": "Hash",
            "titleShort": "Hash",
            "_hash": "Np5O9L6tfUaUFTAYyx6g5E"
          },
          {
            "key": "length",
            "type": "string",
            "titleLong": "Length",
            "titleShort": "length",
            "_hash": "2Kme74xf2-jm7mYI0no6Nc"
          }
        ],
        "isHead": false,
        "isRoot": false,
        "isShared": false,
        "_hash": "YYrt-fP8Rg8b3xTKEHEJz3"
      },
      {
        "key": "carLengthHistory",
        "type": "history",
        "columns": [
          {
            "key": "_hash",
            "type": "string",
            "titleLong": "Hash",
            "titleShort": "Hash",
            "_hash": "Np5O9L6tfUaUFTAYyx6g5E"
          },
          {
            "key": "timeId",
            "type": "string",
            "titleLong": "Time ID",
            "titleShort": "Time ID",
            "_hash": "h3f2KT-46nyCtBx3cx3P-r"
          },
          {
            "key": "carLengthRef",
            "type": "string",
            "titleLong": "Reference",
            "titleShort": "Ref",
            "_hash": "WXNq99BLBGuNAJGtkI9uNk"
          },
          {
            "key": "route",
            "type": "string",
            "titleLong": "Route",
            "titleShort": "Route",
            "_hash": "Vn9lhEP3B4VYT2iRPuknGj"
          },
          {
            "key": "origin",
            "type": "string",
            "titleLong": "Origin",
            "titleShort": "Origin",
            "_hash": "kUSefbcu2Ozrq2HKvZTpRz"
          },
          {
            "key": "previous",
            "type": "jsonArray",
            "titleLong": "Previous",
            "titleShort": "Previous",
            "_hash": "BTy3s7x-cGnl0N0i1rY2wG"
          }
        ],
        "isHead": false,
        "isRoot": false,
        "isShared": false,
        "_hash": "mTnT2b6wRnoA5WBITyN9gH"
      },
      {
        "key": "carWidth",
        "type": "components",
        "columns": [
          {
            "key": "_hash",
            "type": "string",
            "titleLong": "Hash",
            "titleShort": "Hash",
            "_hash": "Np5O9L6tfUaUFTAYyx6g5E"
          },
          {
            "key": "width",
            "type": "string",
            "titleLong": "Width",
            "titleShort": "width",
            "_hash": "baaV8n1VJPDqU56VS1vk9O"
          }
        ],
        "isHead": false,
        "isRoot": false,
        "isShared": false,
        "_hash": "aZHmo4nmJsKVLdAPrk-s7C"
      },
      {
        "key": "carWidthHistory",
        "type": "history",
        "columns": [
          {
            "key": "_hash",
            "type": "string",
            "titleLong": "Hash",
            "titleShort": "Hash",
            "_hash": "Np5O9L6tfUaUFTAYyx6g5E"
          },
          {
            "key": "timeId",
            "type": "string",
            "titleLong": "Time ID",
            "titleShort": "Time ID",
            "_hash": "h3f2KT-46nyCtBx3cx3P-r"
          },
          {
            "key": "carWidthRef",
            "type": "string",
            "titleLong": "Reference",
            "titleShort": "Ref",
            "_hash": "7ETVWgKLyOpQBgK_LYLlSd"
          },
          {
            "key": "route",
            "type": "string",
            "titleLong": "Route",
            "titleShort": "Route",
            "_hash": "Vn9lhEP3B4VYT2iRPuknGj"
          },
          {
            "key": "origin",
            "type": "string",
            "titleLong": "Origin",
            "titleShort": "Origin",
            "_hash": "kUSefbcu2Ozrq2HKvZTpRz"
          },
          {
            "key": "previous",
            "type": "jsonArray",
            "titleLong": "Previous",
            "titleShort": "Previous",
            "_hash": "BTy3s7x-cGnl0N0i1rY2wG"
          }
        ],
        "isHead": false,
        "isRoot": false,
        "isShared": false,
        "_hash": "P3mQ7VLVnYnguc9xtOJVNw"
      },
      {
        "key": "carHeight",
        "type": "components",
        "columns": [
          {
            "key": "_hash",
            "type": "string",
            "titleLong": "Hash",
            "titleShort": "Hash",
            "_hash": "Np5O9L6tfUaUFTAYyx6g5E"
          },
          {
            "key": "height",
            "type": "string",
            "titleLong": "Height",
            "titleShort": "height",
            "_hash": "ektPvbfw1vD33hNHKunU2K"
          }
        ],
        "isHead": false,
        "isRoot": false,
        "isShared": false,
        "_hash": "nS6-OoiZREN9-ZK5-fEp2G"
      },
      {
        "key": "carHeightHistory",
        "type": "history",
        "columns": [
          {
            "key": "_hash",
            "type": "string",
            "titleLong": "Hash",
            "titleShort": "Hash",
            "_hash": "Np5O9L6tfUaUFTAYyx6g5E"
          },
          {
            "key": "timeId",
            "type": "string",
            "titleLong": "Time ID",
            "titleShort": "Time ID",
            "_hash": "h3f2KT-46nyCtBx3cx3P-r"
          },
          {
            "key": "carHeightRef",
            "type": "string",
            "titleLong": "Reference",
            "titleShort": "Ref",
            "_hash": "KtAc-ACYmfrX8aNjNnmeZp"
          },
          {
            "key": "route",
            "type": "string",
            "titleLong": "Route",
            "titleShort": "Route",
            "_hash": "Vn9lhEP3B4VYT2iRPuknGj"
          },
          {
            "key": "origin",
            "type": "string",
            "titleLong": "Origin",
            "titleShort": "Origin",
            "_hash": "kUSefbcu2Ozrq2HKvZTpRz"
          },
          {
            "key": "previous",
            "type": "jsonArray",
            "titleLong": "Previous",
            "titleShort": "Previous",
            "_hash": "BTy3s7x-cGnl0N0i1rY2wG"
          }
        ],
        "isHead": false,
        "isRoot": false,
        "isShared": false,
        "_hash": "tT5RvNQXLH21c38kqTxSmc"
      },
      {
        "key": "carDimension",
        "type": "components",
        "columns": [
          {
            "key": "_hash",
            "type": "string",
            "titleLong": "Hash",
            "titleShort": "Hash",
            "_hash": "Np5O9L6tfUaUFTAYyx6g5E"
          },
          {
            "key": "carLengthRef",
            "type": "string",
            "titleLong": "CarLengthRef",
            "titleShort": "carLengthRef",
            "_hash": "UymxCh1OJ2XfvZTVEijcib"
          },
          {
            "key": "carWidthRef",
            "type": "string",
            "titleLong": "CarWidthRef",
            "titleShort": "carWidthRef",
            "_hash": "KQzSqDbsTZLN2Lm732Vl0R"
          },
          {
            "key": "carHeightRef",
            "type": "string",
            "titleLong": "CarHeightRef",
            "titleShort": "carHeightRef",
            "_hash": "77MrA1ahHUpDW4RlzTLZVI"
          }
        ],
        "isHead": false,
        "isRoot": false,
        "isShared": false,
        "_hash": "MNEseS2cuapkWJcb-ywJV6"
      },
      {
        "key": "carDimensionHistory",
        "type": "history",
        "columns": [
          {
            "key": "_hash",
            "type": "string",
            "titleLong": "Hash",
            "titleShort": "Hash",
            "_hash": "Np5O9L6tfUaUFTAYyx6g5E"
          },
          {
            "key": "timeId",
            "type": "string",
            "titleLong": "Time ID",
            "titleShort": "Time ID",
            "_hash": "h3f2KT-46nyCtBx3cx3P-r"
          },
          {
            "key": "carDimensionRef",
            "type": "string",
            "titleLong": "Reference",
            "titleShort": "Ref",
            "_hash": "WdFNNmV--gRjweYsM0qCWl"
          },
          {
            "key": "route",
            "type": "string",
            "titleLong": "Route",
            "titleShort": "Route",
            "_hash": "Vn9lhEP3B4VYT2iRPuknGj"
          },
          {
            "key": "origin",
            "type": "string",
            "titleLong": "Origin",
            "titleShort": "Origin",
            "_hash": "kUSefbcu2Ozrq2HKvZTpRz"
          },
          {
            "key": "previous",
            "type": "jsonArray",
            "titleLong": "Previous",
            "titleShort": "Previous",
            "_hash": "BTy3s7x-cGnl0N0i1rY2wG"
          }
        ],
        "isHead": false,
        "isRoot": false,
        "isShared": false,
        "_hash": "G78woQTMgjlAyRo_mLaRxL"
      },
      {
        "key": "carCake",
        "type": "cakes",
        "columns": [
          {
            "key": "_hash",
            "type": "string",
            "titleLong": "Hash",
            "titleShort": "Hash",
            "_hash": "Np5O9L6tfUaUFTAYyx6g5E"
          },
          {
            "key": "sliceIdsTable",
            "type": "string",
            "titleLong": "Slice Ids Table",
            "titleShort": "Slice Ids Table",
            "_hash": "1k77uzMUkjc7tCJlGN31GI"
          },
          {
            "key": "sliceIdsRow",
            "type": "string",
            "titleLong": "Slice Ids Row",
            "titleShort": "Slice Ids Row",
            "_hash": "T3yH4vS0oUYRZAFPq0eIkc"
          },
          {
            "key": "layers",
            "type": "json",
            "titleLong": "Layers",
            "titleShort": "Layers",
            "_hash": "DpUNHLADN7AoClIh7IjdUE"
          },
          {
            "key": "id",
            "type": "string",
            "titleLong": "ID",
            "titleShort": "ID",
            "_hash": "UmazCpc_m0Ww4a9TQd1MpY"
          }
        ],
        "isHead": false,
        "isRoot": false,
        "isShared": true,
        "_hash": "5tcrs9FhrPleZv_JXzetfy"
      },
      {
        "key": "carCakeHistory",
        "type": "history",
        "columns": [
          {
            "key": "_hash",
            "type": "string",
            "titleLong": "Hash",
            "titleShort": "Hash",
            "_hash": "Np5O9L6tfUaUFTAYyx6g5E"
          },
          {
            "key": "timeId",
            "type": "string",
            "titleLong": "Time ID",
            "titleShort": "Time ID",
            "_hash": "h3f2KT-46nyCtBx3cx3P-r"
          },
          {
            "key": "carCakeRef",
            "type": "string",
            "titleLong": "Reference",
            "titleShort": "Ref",
            "_hash": "KzlfQRh5ox6VU5yaGMQZTV"
          },
          {
            "key": "route",
            "type": "string",
            "titleLong": "Route",
            "titleShort": "Route",
            "_hash": "Vn9lhEP3B4VYT2iRPuknGj"
          },
          {
            "key": "origin",
            "type": "string",
            "titleLong": "Origin",
            "titleShort": "Origin",
            "_hash": "kUSefbcu2Ozrq2HKvZTpRz"
          },
          {
            "key": "previous",
            "type": "jsonArray",
            "titleLong": "Previous",
            "titleShort": "Previous",
            "_hash": "BTy3s7x-cGnl0N0i1rY2wG"
          }
        ],
        "isHead": false,
        "isRoot": false,
        "isShared": false,
        "_hash": "D656vP5hULH5lwAilFpanT"
      },
      {
        "key": "carSliceId",
        "type": "sliceIds",
        "columns": [
          {
            "key": "_hash",
            "type": "string",
            "titleLong": "Hash",
            "titleShort": "Hash",
            "_hash": "Np5O9L6tfUaUFTAYyx6g5E"
          },
          {
            "key": "base",
            "type": "string",
            "titleLong": "Base Slice ID",
            "titleShort": "Base",
            "_hash": "o9xR4pvOiAH_Pa2DKOsdTW"
          },
          {
            "key": "add",
            "type": "jsonArray",
            "titleLong": "Slice IDs",
            "titleShort": "IDs",
            "_hash": "_fblsOPzjZqKHBArTgBNfR"
          },
          {
            "key": "remove",
            "type": "jsonArray",
            "titleLong": "Removed Slice IDs",
            "titleShort": "Removed",
            "_hash": "2gv0UnQ6-BRjZJ3lsdzvZ1"
          }
        ],
        "isHead": false,
        "isRoot": false,
        "isShared": false,
        "_hash": "4yM_dWqrCcWxWyt93d4LJx"
      },
      {
        "key": "carSliceIdHistory",
        "type": "history",
        "columns": [
          {
            "key": "_hash",
            "type": "string",
            "titleLong": "Hash",
            "titleShort": "Hash",
            "_hash": "Np5O9L6tfUaUFTAYyx6g5E"
          },
          {
            "key": "timeId",
            "type": "string",
            "titleLong": "Time ID",
            "titleShort": "Time ID",
            "_hash": "h3f2KT-46nyCtBx3cx3P-r"
          },
          {
            "key": "carSliceIdRef",
            "type": "string",
            "titleLong": "Reference",
            "titleShort": "Ref",
            "_hash": "kclIYAaRIM7Fp4oafDILIr"
          },
          {
            "key": "route",
            "type": "string",
            "titleLong": "Route",
            "titleShort": "Route",
            "_hash": "Vn9lhEP3B4VYT2iRPuknGj"
          },
          {
            "key": "origin",
            "type": "string",
            "titleLong": "Origin",
            "titleShort": "Origin",
            "_hash": "kUSefbcu2Ozrq2HKvZTpRz"
          },
          {
            "key": "previous",
            "type": "jsonArray",
            "titleLong": "Previous",
            "titleShort": "Previous",
            "_hash": "BTy3s7x-cGnl0N0i1rY2wG"
          }
        ],
        "isHead": false,
        "isRoot": false,
        "isShared": false,
        "_hash": "dvbj8AbTNiHSOJRU-jkJGM"
      }
    ],
    "_hash": "PWY5qnUeg7GrC4QASOrmoC"
  },
  "_hash": "QhVRuA67uXQCFmUJ_gkmIA"
}