{
  "sliceId": {
    "_type": "sliceIds",
    "_data": [
      {
        "add": [
          "car1"
        ],
        "_hash": "kDDxr90W7nJNEn8p2X5Hbl"
      }
    ],
    "_hash": "hGuo3Hv9dHyOqC8sOFXrzD",
    "tableCfg": "RZTg2Ienhp2gd_mjN4CE0u"
  },
  "info": {
    "_data": [
      {
        "model": "X",
        "manufacturer": "Tesla",
        "_hash": "CZxQxtVn67eqdTieAOBH7w"
      }
    ],
    "_hash": "2WKF7clCT59zN3h5PX2t5F",
    "tableCfg": "SSlRgZlhWHZdxQu8fezw3D"
  },
  "registration": {
    "_data": [
      {
        "country": "D",
        "licensePlate": "B-TX-100",
        "_hash": "Ioji5I_7czSVgteQgiURcn"
      }
    ],
    "_hash": "nVUKa8UrQ5qFr-8iiAA7M4",
    "tableCfg": "Z9vyxnZWJnTyVrabl-dMeL"
  },
  "length": {
    "_data": [
      {
        "length": 5036,
        "_hash": "poMsKI0UqeEM6h8qKVF3IU"
      }
    ],
    "_hash": "L2yeTLt3tRR0gTukN6Ea6p",
    "tableCfg": "O75bH48JFQPPkZG5ZEEee0"
  },
  "width": {
    "_data": [
      {
        "width": 1999,
        "_hash": "8EZxlYaF4z0HUMAW6bXsN6"
      }
    ],
    "_hash": "Q5cH9tVJwe5UENK4_kJeSp",
    "tableCfg": "ST1aUCL0VOHobMs1wGi3hf"
  },
  "height": {
    "_data": [
      {
        "height": 1684,
        "_hash": "QtTfCbiTktna-iwRI0RsAa"
      }
    ],
    "_hash": "bszjtffsfiQihi2xJMWvBn",
    "tableCfg": "89tbXojUMw5G0cSqzltGWU"
  },
  "dimension": {
    "_data": [
      {
        "lengthRef": "poMsKI0UqeEM6h8qKVF3IU",
        "widthRef": "8EZxlYaF4z0HUMAW6bXsN6",
        "heightRef": "QtTfCbiTktna-iwRI0RsAa",
        "_hash": "m-z0VnUwWNoDhNQFwbvt1F"
      }
    ],
    "_type": "components",
    "_hash": "IsXOARyz1mndsqtRJ5kvL8",
    "tableCfg": "_Eci_zSb4bbF6INcOvOLTR"
  },
  "brand": {
    "_data": [
      {
        "brand": "Tesla",
        "type": "X",
        "_hash": "ZW6sbN1MOuekKuupMaxYgi"
      }
    ],
    "_hash": "GXmJiurt3EnSOJc5CDHSsX",
    "tableCfg": "q6ZmCSBMPu5yJ-D6mkijbv"
  },
  "infoLayer": {
    "_type": "layers",
    "_data": [
      {
        "add": {
          "car1": "CZxQxtVn67eqdTieAOBH7w",
          "_hash": "O2bdw6Rxd-ws3JwiSD0KkJ"
        },
        "sliceIdsTable": "sliceId",
        "sliceIdsTableRow": "kDDxr90W7nJNEn8p2X5Hbl",
        "componentsTable": "info",
        "_hash": "4gVMk7D7Js-LdQi_3avx0E"
      }
    ],
    "_hash": "fAEksRH6NsUmjZ6pnGWg0K",
    "tableCfg": "kncv52HVhAhdx2UhCAcy4W"
  },
  "registrationLayer": {
    "_type": "layers",
    "_data": [
      {
        "add": {
          "car1": "Ioji5I_7czSVgteQgiURcn",
          "_hash": "IJep_4TGhDRYT74XpztJTj"
        },
        "sliceIdsTable": "sliceId",
        "sliceIdsTableRow": "kDDxr90W7nJNEn8p2X5Hbl",
        "componentsTable": "registration",
        "_hash": "KcopK_QDBeVM1sXgPmdbBi"
      }
    ],
    "_hash": "8OJe2xpqfg_cY_3yN0kJu6",
    "tableCfg": "n-Z37ObmVe8cbkQMYTQbTz"
  },
  "lengthLayer": {
    "_type": "layers",
    "_data": [
      {
        "add": {
          "car1": "poMsKI0UqeEM6h8qKVF3IU",
          "_hash": "CcjFFWDmsYYd_47gj5BVQc"
        },
        "sliceIdsTable": "sliceId",
        "sliceIdsTableRow": "kDDxr90W7nJNEn8p2X5Hbl",
        "componentsTable": "length",
        "_hash": "i27ra0ELjcMrBCrPAo8saL"
      }
    ],
    "_hash": "_5dTqTkhua_Xi6RlkhnyOX",
    "tableCfg": "flU-CuLdBI-gv4hPN6QbE1"
  },
  "widthLayer": {
    "_type": "layers",
    "_data": [
      {
        "add": {
          "car1": "8EZxlYaF4z0HUMAW6bXsN6",
          "_hash": "LE8KeYIEfoPzD991ofxkF9"
        },
        "sliceIdsTable": "sliceId",
        "sliceIdsTableRow": "kDDxr90W7nJNEn8p2X5Hbl",
        "componentsTable": "width",
        "_hash": "cGRHVusmYxmEUb9MapQMpq"
      }
    ],
    "_hash": "fHe8uubWKm63-5Gc-pw83g",
    "tableCfg": "GAvvpIN0RclrfKltuaIQv_"
  },
  "heightLayer": {
    "_type": "layers",
    "_data": [
      {
        "add": {
          "car1": "QtTfCbiTktna-iwRI0RsAa",
          "_hash": "o2d_DAOGZzz22klE2wXqG9"
        },
        "sliceIdsTable": "sliceId",
        "sliceIdsTableRow": "kDDxr90W7nJNEn8p2X5Hbl",
        "componentsTable": "height",
        "_hash": "VwWvL53zMYqUenfMDladIM"
      }
    ],
    "_hash": "brfolp4-yzTZKGnNIhcDQI",
    "tableCfg": "XBiqj9VXeeergxhZsoZrHt"
  },
  "dimensionLayer": {
    "_type": "layers",
    "_data": [
      {
        "add": {
          "car1": "m-z0VnUwWNoDhNQFwbvt1F",
          "_hash": "7aXDYy_ZhmDttHSrMMidEf"
        },
        "sliceIdsTable": "sliceId",
        "sliceIdsTableRow": "kDDxr90W7nJNEn8p2X5Hbl",
        "componentsTable": "dimension",
        "_hash": "kyHH-8krIzKjPj8anTNrpz"
      }
    ],
    "_hash": "5prrnMBuovFsxUzcSbY1kz",
    "tableCfg": "Nebb-ICMb7zaG0VoA3fN_l"
  },
  "brandLayer": {
    "_type": "layers",
    "_data": [
      {
        "add": {
          "car1": "ZW6sbN1MOuekKuupMaxYgi",
          "_hash": "LbDbaf9APPWeUEsVGpB0k4"
        },
        "sliceIdsTable": "sliceId",
        "sliceIdsTableRow": "kDDxr90W7nJNEn8p2X5Hbl",
        "componentsTable": "brand",
        "_hash": "VxAMxHOaoVYhtyRPWIo_ZC"
      }
    ],
    "_hash": "rix5hre-Rhj5yvJkauAcyD",
    "tableCfg": "GcJHLy7DV080_MsJM8NBUk"
  },
  "cake": {
    "_type": "cakes",
    "_data": [
      {
        "sliceIdsTable": "sliceId",
        "sliceIdsRow": "kDDxr90W7nJNEn8p2X5Hbl",
        "layers": {
          "infoLayer": "4gVMk7D7Js-LdQi_3avx0E",
          "registrationLayer": "KcopK_QDBeVM1sXgPmdbBi",
          "lengthLayer": "i27ra0ELjcMrBCrPAo8saL",
          "widthLayer": "cGRHVusmYxmEUb9MapQMpq",
          "heightLayer": "VwWvL53zMYqUenfMDladIM",
          "dimensionLayer": "kyHH-8krIzKjPj8anTNrpz",
          "brandLayer": "VxAMxHOaoVYhtyRPWIo_ZC",
          "_hash": "FyBgjleMf-W73gcQPTQEaS"
        },
        "_hash": "rlsKwbKzYpEPpI4936gXEq"
      }
    ],
    "tableCfg": "LNnUkPxIRwOGWTu6_mzDpx",
    "_hash": "AgcT3FHEglIi2f1Pjuizat"
  },
  "tableCfgs": {
    "_type": "tableCfgs",
    "_data": [
      {
        "key": "infoLayer",
        "type": "layers",
        "columns": [
          {
            "key": "_hash",
            "type": "string",
            "titleLong": "Hash",
            "titleShort": "Hash",
            "_hash": "Np5O9L6tfUaUFTAYyx6g5E"
          },
          {
            "key": "base",
            "type": "string",
            "titleLong": "Base",
            "titleShort": "Base",
            "_hash": "EfTZIQZC5xpkbx3LcIDhlS"
          },
          {
            "key": "sliceIdsTable",
            "type": "string",
            "titleLong": "Slice Ids Table",
            "titleShort": "Slice Ids Table",
            "_hash": "1k77uzMUkjc7tCJlGN31GI"
          },
          {
            "key": "sliceIdsTableRow",
            "type": "string",
            "titleLong": "Slice Ids Table Row",
            "titleShort": "Slice Ids Table Row",
            "_hash": "b7tMAXjYmRs96pxCcwt812"
          },
          {
            "key": "componentsTable",
            "type": "string",
            "titleLong": "Components Table",
            "titleShort": "Components Table",
            "_hash": "8oL-bX7Ty76VQFzuIWBrdg"
          },
          {
            "key": "add",
            "type": "json",
            "titleLong": "Add",
            "titleShort": "Add",
            "_hash": "FZN1kwlNoq9Cv6qIWvNg-3"
          },
          {
            "key": "remove",
            "type": "json",
            "titleLong": "Remove",
            "titleShort": "Remove",
            "_hash": "UXIjvdKRUxEq3KTXudtaon"
          }
        ],
        "isHead": false,
        "isRoot": false,
        "isShared": true,
        "_hash": "kncv52HVhAhdx2UhCAcy4W"
      },
      {
        "key": "registrationLayer",
        "type": "layers",
        "columns": [
          {
            "key": "_hash",
            "type": "string",
            "titleLong": "Hash",
            "titleShort": "Hash",
            "_hash": "Np5O9L6tfUaUFTAYyx6g5E"
          },
          {
            "key": "base",
            "type": "string",
            "titleLong": "Base",
            "titleShort": "Base",
            "_hash": "EfTZIQZC5xpkbx3LcIDhlS"
          },
          {
            "key": "sliceIdsTable",
            "type": "string",
            "titleLong": "Slice Ids Table",
            "titleShort": "Slice Ids Table",
            "_hash": "1k77uzMUkjc7tCJlGN31GI"
          },
          {
            "key": "sliceIdsTableRow",
            "type": "string",
            "titleLong": "Slice Ids Table Row",
            "titleShort": "Slice Ids Table Row",
            "_hash": "b7tMAXjYmRs96pxCcwt812"
          },
          {
            "key": "componentsTable",
            "type": "string",
            "titleLong": "Components Table",
            "titleShort": "Components Table",
            "_hash": "8oL-bX7Ty76VQFzuIWBrdg"
          },
          {
            "key": "add",
            "type": "json",
            "titleLong": "Add",
            "titleShort": "Add",
            "_hash": "FZN1kwlNoq9Cv6qIWvNg-3"
          },
          {
            "key": "remove",
            "type": "json",
            "titleLong": "Remove",
            "titleShort": "Remove",
            "_hash": "UXIjvdKRUxEq3KTXudtaon"
          }
        ],
        "isHead": false,
        "isRoot": false,
        "isShared": true,
        "_hash": "n-Z37ObmVe8cbkQMYTQbTz"
      },
      {
        "key": "lengthLayer",
        "type": "layers",
        "columns": [
          {
            "key": "_hash",
            "type": "string",
            "titleLong": "Hash",
            "titleShort": "Hash",
            "_hash": "Np5O9L6tfUaUFTAYyx6g5E"
          },
          {
            "key": "base",
            "type": "string",
            "titleLong": "Base",
            "titleShort": "Base",
            "_hash": "EfTZIQZC5xpkbx3LcIDhlS"
          },
          {
            "key": "sliceIdsTable",
            "type": "string",
            "titleLong": "Slice Ids Table",
            "titleShort": "Slice Ids Table",
            "_hash": "1k77uzMUkjc7tCJlGN31GI"
          },
          {
            "key": "sliceIdsTableRow",
            "type": "string",
            "titleLong": "Slice Ids Table Row",
            "titleShort": "Slice Ids Table Row",
            "_hash": "b7tMAXjYmRs96pxCcwt812"
          },
          {
            "key": "componentsTable",
            "type": "string",
            "titleLong": "Components Table",
            "titleShort": "Components Table",
            "_hash": "8oL-bX7Ty76VQFzuIWBrdg"
          },
          {
            "key": "add",
            "type": "json",
            "titleLong": "Add",
            "titleShort": "Add",
            "_hash": "FZN1kwlNoq9Cv6qIWvNg-3"
          },
          {
            "key": "remove",
            "type": "json",
            "titleLong": "Remove",
            "titleShort": "Remove",
            "_hash": "UXIjvdKRUxEq3KTXudtaon"
          }
        ],
        "isHead": false,
        "isRoot": false,
        "isShared": true,
        "_hash": "flU-CuLdBI-gv4hPN6QbE1"
      },
      {
        "key": "widthLayer",
        "type": "layers",
        "columns": [
          {
            "key": "_hash",
            "type": "string",
            "titleLong": "Hash",
            "titleShort": "Hash",
            "_hash": "Np5O9L6tfUaUFTAYyx6g5E"
          },
          {
            "key": "base",
            "type": "string",
            "titleLong": "Base",
            "titleShort": "Base",
            "_hash": "EfTZIQZC5xpkbx3LcIDhlS"
          },
          {
            "key": "sliceIdsTable",
            "type": "string",
            "titleLong": "Slice Ids Table",
            "titleShort": "Slice Ids Table",
            "_hash": "1k77uzMUkjc7tCJlGN31GI"
          },
          {
            "key": "sliceIdsTableRow",
            "type": "string",
            "titleLong": "Slice Ids Table Row",
            "titleShort": "Slice Ids Table Row",
            "_hash": "b7tMAXjYmRs96pxCcwt812"
          },
          {
            "key": "componentsTable",
            "type": "string",
            "titleLong": "Components Table",
            "titleShort": "Components Table",
            "_hash": "8oL-bX7Ty76VQFzuIWBrdg"
          },
          {
            "key": "add",
            "type": "json",
            "titleLong": "Add",
            "titleShort": "Add",
            "_hash": "FZN1kwlNoq9Cv6qIWvNg-3"
          },
          {
            "key": "remove",
            "type": "json",
            "titleLong": "Remove",
            "titleShort": "Remove",
            "_hash": "UXIjvdKRUxEq3KTXudtaon"
          }
        ],
        "isHead": false,
        "isRoot": false,
        "isShared": true,
        "_hash": "GAvvpIN0RclrfKltuaIQv_"
      },
      {
        "key": "heightLayer",
        "type": "layers",
        "columns": [
          {
            "key": "_hash",
            "type": "string",
            "titleLong": "Hash",
            "titleShort": "Hash",
            "_hash": "Np5O9L6tfUaUFTAYyx6g5E"
          },
          {
            "key": "base",
            "type": "string",
            "titleLong": "Base",
            "titleShort": "Base",
            "_hash": "EfTZIQZC5xpkbx3LcIDhlS"
          },
          {
            "key": "sliceIdsTable",
            "type": "string",
            "titleLong": "Slice Ids Table",
            "titleShort": "Slice Ids Table",
            "_hash": "1k77uzMUkjc7tCJlGN31GI"
          },
          {
            "key": "sliceIdsTableRow",
            "type": "string",
            "titleLong": "Slice Ids Table Row",
            "titleShort": "Slice Ids Table Row",
            "_hash": "b7tMAXjYmRs96pxCcwt812"
          },
          {
            "key": "componentsTable",
            "type": "string",
            "titleLong": "Components Table",
            "titleShort": "Components Table",
            "_hash": "8oL-bX7Ty76VQFzuIWBrdg"
          },
          {
            "key": "add",
            "type": "json",
            "titleLong": "Add",
            "titleShort": "Add",
            "_hash": "FZN1kwlNoq9Cv6qIWvNg-3"
          },
          {
            "key": "remove",
            "type": "json",
            "titleLong": "Remove",
            "titleShort": "Remove",
            "_hash": "UXIjvdKRUxEq3KTXudtaon"
          }
        ],
        "isHead": false,
        "isRoot": false,
        "isShared": true,
        "_hash": "XBiqj9VXeeergxhZsoZrHt"
      },
      {
        "key": "dimensionLayer",
        "type": "layers",
        "columns": [
          {
            "key": "_hash",
            "type": "string",
            "titleLong": "Hash",
            "titleShort": "Hash",
            "_hash": "Np5O9L6tfUaUFTAYyx6g5E"
          },
          {
            "key": "base",
            "type": "string",
            "titleLong": "Base",
            "titleShort": "Base",
            "_hash": "EfTZIQZC5xpkbx3LcIDhlS"
          },
          {
            "key": "sliceIdsTable",
            "type": "string",
            "titleLong": "Slice Ids Table",
            "titleShort": "Slice Ids Table",
            "_hash": "1k77uzMUkjc7tCJlGN31GI"
          },
          {
            "key": "sliceIdsTableRow",
            "type": "string",
            "titleLong": "Slice Ids Table Row",
            "titleShort": "Slice Ids Table Row",
            "_hash": "b7tMAXjYmRs96pxCcwt812"
          },
          {
            "key": "componentsTable",
            "type": "string",
            "titleLong": "Components Table",
            "titleShort": "Components Table",
            "_hash": "8oL-bX7Ty76VQFzuIWBrdg"
          },
          {
            "key": "add",
            "type": "json",
            "titleLong": "Add",
            "titleShort": "Add",
            "_hash": "FZN1kwlNoq9Cv6qIWvNg-3"
          },
          {
            "key": "remove",
            "type": "json",
            "titleLong": "Remove",
            "titleShort": "Remove",
            "_hash": "UXIjvdKRUxEq3KTXudtaon"
          }
        ],
        "isHead": false,
        "isRoot": false,
        "isShared": true,
        "_hash": "Nebb-ICMb7zaG0VoA3fN_l"
      },
      {
        "key": "brandLayer",
        "type": "layers",
        "columns": [
          {
            "key": "_hash",
            "type": "string",
            "titleLong": "Hash",
            "titleShort": "Hash",
            "_hash": "Np5O9L6tfUaUFTAYyx6g5E"
          },
          {
            "key": "base",
            "type": "string",
            "titleLong": "Base",
            "titleShort": "Base",
            "_hash": "EfTZIQZC5xpkbx3LcIDhlS"
          },
          {
            "key": "sliceIdsTable",
            "type": "string",
            "titleLong": "Slice Ids Table",
            "titleShort": "Slice Ids Table",
            "_hash": "1k77uzMUkjc7tCJlGN31GI"
          },
          {
            "key": "sliceIdsTableRow",
            "type": "string",
            "titleLong": "Slice Ids Table Row",
            "titleShort": "Slice Ids Table Row",
            "_hash": "b7tMAXjYmRs96pxCcwt812"
          },
          {
            "key": "componentsTable",
            "type": "string",
            "titleLong": "Components Table",
            "titleShort": "Components Table",
            "_hash": "8oL-bX7Ty76VQFzuIWBrdg"
          },
          {
            "key": "add",
            "type": "json",
            "titleLong": "Add",
            "titleShort": "Add",
            "_hash": "FZN1kwlNoq9Cv6qIWvNg-3"
          },
          {
            "key": "remove",
            "type": "json",
            "titleLong": "Remove",
            "titleShort": "Remove",
            "_hash": "UXIjvdKRUxEq3KTXudtaon"
          }
        ],
        "isHead": false,
        "isRoot": false,
        "isShared": true,
        "_hash": "GcJHLy7DV080_MsJM8NBUk"
      },
      {
        "key": "info",
        "type": "components",
        "columns": [
          {
            "key": "_hash",
            "type": "string",
            "titleLong": "Hash",
            "titleShort": "Hash",
            "_hash": "Np5O9L6tfUaUFTAYyx6g5E"
          },
          {
            "key": "model",
            "type": "string",
            "titleLong": "Model",
            "titleShort": "model",
            "_hash": "VVe9BvthShRXKDSi8j0v0V"
          },
          {
            "key": "manufacturer",
            "type": "string",
            "titleLong": "Manufacturer",
            "titleShort": "manufacturer",
            "_hash": "mwM9JT5fVicdLRxUtDFx-9"
          }
        ],
        "isHead": false,
        "isRoot": false,
        "isShared": false,
        "_hash": "SSlRgZlhWHZdxQu8fezw3D"
      },
      {
        "key": "registration",
        "type": "components",
        "columns": [
          {
            "key": "_hash",
            "type": "string",
            "titleLong": "Hash",
            "titleShort": "Hash",
            "_hash": "Np5O9L6tfUaUFTAYyx6g5E"
          },
          {
            "key": "country",
            "type": "string",
            "titleLong": "Country",
            "titleShort": "country",
            "_hash": "Mi7maJ9VvMpWIt5IxwylAG"
          },
          {
            "key": "licensePlate",
            "type": "string",
            "titleLong": "LicensePlate",
            "titleShort": "licensePlate",
            "_hash": "9fxd8DjJy8cvnHYIyT_du7"
          }
        ],
        "isHead": false,
        "isRoot": false,
        "isShared": false,
        "_hash": "Z9vyxnZWJnTyVrabl-dMeL"
      },
      {
        "key": "length",
        "type": "components",
        "columns": [
          {
            "key": "_hash",
            "type": "string",
            "titleLong": "Hash",
            "titleShort": "Hash",
            "_hash": "Np5O9L6tfUaUFTAYyx6g5E"
          },
          {
            "key": "length",
            "type": "string",
            "titleLong": "Length",
            "titleShort": "length",
            "_hash": "2Kme74xf2-jm7mYI0no6Nc"
          }
        ],
        "isHead": false,
        "isRoot": false,
        "isShared": false,
        "_hash": "O75bH48JFQPPkZG5ZEEee0"
      },
      {
        "key": "width",
        "type": "components",
        "columns": [
          {
            "key": "_hash",
            "type": "string",
            "titleLong": "Hash",
            "titleShort": "Hash",
            "_hash": "Np5O9L6tfUaUFTAYyx6g5E"
          },
          {
            "key": "width",
            "type": "string",
            "titleLong": "Width",
            "titleShort": "width",
            "_hash": "baaV8n1VJPDqU56VS1vk9O"
          }
        ],
        "isHead": false,
        "isRoot": false,
        "isShared": false,
        "_hash": "ST1aUCL0VOHobMs1wGi3hf"
      },
      {
        "key": "height",
        "type": "components",
        "columns": [
          {
            "key": "_hash",
            "type": "string",
            "titleLong": "Hash",
            "titleShort": "Hash",
            "_hash": "Np5O9L6tfUaUFTAYyx6g5E"
          },
          {
            "key": "height",
            "type": "string",
            "titleLong": "Height",
            "titleShort": "height",
            "_hash": "ektPvbfw1vD33hNHKunU2K"
          }
        ],
        "isHead": false,
        "isRoot": false,
        "isShared": false,
        "_hash": "89tbXojUMw5G0cSqzltGWU"
      },
      {
        "key": "dimension",
        "type": "components",
        "columns": [
          {
            "key": "_hash",
            "type": "string",
            "titleLong": "Hash",
            "titleShort": "Hash",
            "_hash": "Np5O9L6tfUaUFTAYyx6g5E"
          },
          {
            "key": "lengthRef",
            "type": "string",
            "titleLong": "LengthRef",
            "titleShort": "lengthRef",
            "_hash": "ovLPL9S5gE-nKJmEB1osMW"
          },
          {
            "key": "widthRef",
            "type": "string",
            "titleLong": "WidthRef",
            "titleShort": "widthRef",
            "_hash": "0jwY0l3AKZ6OwpzGdpBtDV"
          },
          {
            "key": "heightRef",
            "type": "string",
            "titleLong": "HeightRef",
            "titleShort": "heightRef",
            "_hash": "sKRdhHrYYBhdH9gCIbpTHR"
          }
        ],
        "isHead": false,
        "isRoot": false,
        "isShared": false,
        "_hash": "_Eci_zSb4bbF6INcOvOLTR"
      },
      {
        "key": "brand",
        "type": "components",
        "columns": [
          {
            "key": "_hash",
            "type": "string",
            "titleLong": "Hash",
            "titleShort": "Hash",
            "_hash": "Np5O9L6tfUaUFTAYyx6g5E"
          },
          {
            "key": "brand",
            "type": "string",
            "titleLong": "Brand",
            "titleShort": "brand",
            "_hash": "2UEWa41Ihfp8Pf5eRl0Xe6"
          },
          {
            "key": "type",
            "type": "string",
            "titleLong": "Type",
            "titleShort": "type",
            "_hash": "0TgAZ4UJZYDOv38kZnHOvl"
          }
        ],
        "isHead": false,
        "isRoot": false,
        "isShared": false,
        "_hash": "q6ZmCSBMPu5yJ-D6mkijbv"
      },
      {
        "key": "cake",
        "type": "cakes",
        "columns": [
          {
            "key": "_hash",
            "type": "string",
            "titleLong": "Hash",
            "titleShort": "Hash",
            "_hash": "Np5O9L6tfUaUFTAYyx6g5E"
          },
          {
            "key": "sliceIdsTable",
            "type": "string",
            "titleLong": "Slice Ids Table",
            "titleShort": "Slice Ids Table",
            "_hash": "1k77uzMUkjc7tCJlGN31GI"
          },
          {
            "key": "sliceIdsRow",
            "type": "string",
            "titleLong": "Slice Ids Row",
            "titleShort": "Slice Ids Row",
            "_hash": "T3yH4vS0oUYRZAFPq0eIkc"
          },
          {
            "key": "layers",
            "type": "json",
            "titleLong": "Layers",
            "titleShort": "Layers",
            "_hash": "DpUNHLADN7AoClIh7IjdUE"
          },
          {
            "key": "id",
            "type": "string",
            "titleLong": "ID",
            "titleShort": "ID",
            "_hash": "UmazCpc_m0Ww4a9TQd1MpY"
          }
        ],
        "isHead": false,
        "isRoot": false,
        "isShared": true,
        "_hash": "LNnUkPxIRwOGWTu6_mzDpx"
      },
      {
        "key": "sliceId",
        "type": "sliceIds",
        "columns": [
          {
            "key": "_hash",
            "type": "string",
            "titleLong": "Hash",
            "titleShort": "Hash",
            "_hash": "Np5O9L6tfUaUFTAYyx6g5E"
          },
          {
            "key": "base",
            "type": "string",
            "titleLong": "Base Slice ID",
            "titleShort": "Base",
            "_hash": "o9xR4pvOiAH_Pa2DKOsdTW"
          },
          {
            "key": "add",
            "type": "jsonArray",
            "titleLong": "Slice IDs",
            "titleShort": "IDs",
            "_hash": "_fblsOPzjZqKHBArTgBNfR"
          },
          {
            "key": "remove",
            "type": "jsonArray",
            "titleLong": "Removed Slice IDs",
            "titleShort": "Removed",
            "_hash": "2gv0UnQ6-BRjZJ3lsdzvZ1"
          }
        ],
        "isHead": false,
        "isRoot": false,
        "isShared": false,
        "_hash": "RZTg2Ienhp2gd_mjN4CE0u"
      }
    ],
    "_hash": "0eaIPbVSsP77Exxne91k0_"
  },
  "_hash": "VvsBhfTJwzOXms1uAdn8hM"
}