{
  "carSliceId": {
    "_type": "sliceIds",
    "_data": [
      {
        "add": [
          "car1",
          "car2"
        ],
        "_hash": "_nk8S8AyHcfQkgZB4h7np7"
      }
    ],
    "_hash": "1rpYtBgvbwjpxWRubY4PLG",
    "tableCfg": "4yM_dWqrCcWxWyt93d4LJx"
  },
  "carColorRefs": {
    "_data": [
      {
        "_hash": "RBNvo1WzZ4oRRq0W9-hknp"
      }
    ],
    "_hash": "dfzyBXLClp6Fen7XGO04e3",
    "tableCfg": "XNw5DwnZ5kfGOxmklvuWiZ"
  },
  "carColorRefsLayer": {
    "_type": "layers",
    "_data": [
      {
        "add": {
          "car1": "RBNvo1WzZ4oRRq0W9-hknp",
          "car2": "RBNvo1WzZ4oRRq0W9-hknp",
          "_hash": "WKi1WFOrB3IIuOvMjLa0Gk"
        },
        "sliceIdsTable": "carSliceId",
        "sliceIdsTableRow": "_nk8S8AyHcfQkgZB4h7np7",
        "componentsTable": "carColorRefs",
        "_hash": "PWLI0WVK2KL7xXaAw3n9xG"
      }
    ],
    "_hash": "f7egMuPKv32LD299L7vROZ",
    "tableCfg": "1vwnm5_U23zQICZu8WRQWM"
  },
  "carColorRefsHistory": {
    "_type": "history",
    "_data": [],
    "tableCfg": "b6JMaX0tBnLFTn3Xdv7fKg",
    "_hash": "RA6_PWMNqzGcYzLpsZgpVZ"
  },
  "carColorRefsLayerHistory": {
    "_type": "history",
    "_data": [],
    "tableCfg": "Ims2-MwkQCHMEmuGpxUhw2",
    "_hash": "S8PqShDUvTk4uEbdnVU1sK"
  },
  "carCakeHistory": {
    "_type": "history",
    "_data": [],
    "tableCfg": "D656vP5hULH5lwAilFpanT",
    "_hash": "hKj2sGTSFbfqnNAhcLzxfK"
  },
  "carSliceIdHistory": {
    "_type": "history",
    "_data": [],
    "tableCfg": "dvbj8AbTNiHSOJRU-jkJGM",
    "_hash": "NxSzT8QzX6n5ZLhJuJdwm1"
  },
  "carCake": {
    "_type": "cakes",
    "_data": [
      {
        "sliceIdsTable": "carSliceId",
        "sliceIdsRow": "_nk8S8AyHcfQkgZB4h7np7",
        "layers": {
          "carColorRefsLayer": "PWLI0WVK2KL7xXaAw3n9xG",
          "_hash": "CxiPi6okntZC0t1bun3eSp"
        },
        "_hash": "t6AFrjUzm0MhcimXuDttAv"
      }
    ],
    "tableCfg": "5tcrs9FhrPleZv_JXzetfy",
    "_hash": "-uThnhEy7CUJJTpCoXZ-n9"
  },
  "colorSliceId": {
    "_type": "sliceIds",
    "_data": [
      {
        "add": [
          "RAL9000",
          "RAL7000"
        ],
        "_hash": "8Cl7CQ3A3A7KWUYLGkv1g5"
      }
    ],
    "_hash": "-KHey7eC50Ms-Mb3Dd41ak",
    "tableCfg": "-Hvv09YoAgL5QIM9t7Cf5Q"
  },
  "colorGeneral": {
    "_data": [
      {
        "name": "Black",
        "_hash": "cIMFhZaDtJAkCF_h3PCCT1"
      },
      {
        "name": "Gray",
        "_hash": "nxgBIGoNSFZO083VAufXk9"
      }
    ],
    "_hash": "CMGOID-LYTvtzrSTyQFUhq",
    "tableCfg": "DN5AwXY-0BHn5Dop6ev6AD"
  },
  "colorGeneralLayer": {
    "_type": "layers",
    "_data": [
      {
        "add": {
          "RAL9000": "cIMFhZaDtJAkCF_h3PCCT1",
          "RAL7000": "nxgBIGoNSFZO083VAufXk9",
          "_hash": "9AEGfK5CuBEJv3PSVAunCn"
        },
        "sliceIdsTable": "colorSliceId",
        "sliceIdsTableRow": "8Cl7CQ3A3A7KWUYLGkv1g5",
        "componentsTable": "colorGeneral",
        "_hash": "_Hb9rvFMGppT5tv55GFnHs"
      }
    ],
    "_hash": "C1ZBxmf45GLoKLYhuKhHKX",
    "tableCfg": "8bFwd1s6GY9Ievq0TEmafH"
  },
  "colorGeneralHistory": {
    "_type": "history",
    "_data": [],
    "tableCfg": "sI_qMXd-LK1CuSGWZ8IzDQ",
    "_hash": "dczABV_sYFF48_chEwCRwV"
  },
  "colorGeneralLayerHistory": {
    "_type": "history",
    "_data": [],
    "tableCfg": "W3rKIrUHjCDcTaMu6mTFP1",
    "_hash": "SrIwdA4rYETZNCYZdczOED"
  },
  "colorCakeHistory": {
    "_type": "history",
    "_data": [],
    "tableCfg": "f8wFICTSjRoqHxrlX82S4O",
    "_hash": "z4ehDks-PzzCGIQ2x_dzFw"
  },
  "colorSliceIdHistory": {
    "_type": "history",
    "_data": [],
    "tableCfg": "0khWjIM8D2ZDb59E3xzp3J",
    "_hash": "DLih7vyjuoRuVE6xBuwpG6"
  },
  "colorCake": {
    "_type": "cakes",
    "_data": [
      {
        "sliceIdsTable": "colorSliceId",
        "sliceIdsRow": "8Cl7CQ3A3A7KWUYLGkv1g5",
        "layers": {
          "colorGeneralLayer": "_Hb9rvFMGppT5tv55GFnHs",
          "_hash": "OhSH-APV85kpA8pgH1cJC8"
        },
        "_hash": "UEM7Kz5osQ1IU59KOXMvgw"
      }
    ],
    "tableCfg": "_B0EebPJy0F6OiOjhxyIIL",
    "_hash": "vvDGucwTOXnC4TCaduFNGD"
  },
  "tableCfgs": {
    "_type": "tableCfgs",
    "_data": [
      {
        "key": "carColorRefsLayer",
        "type": "layers",
        "columns": [
          {
            "key": "_hash",
            "type": "string",
            "titleLong": "Hash",
            "titleShort": "Hash",
            "_hash": "Np5O9L6tfUaUFTAYyx6g5E"
          },
          {
            "key": "base",
            "type": "string",
            "titleLong": "Base",
            "titleShort": "Base",
            "_hash": "EfTZIQZC5xpkbx3LcIDhlS"
          },
          {
            "key": "sliceIdsTable",
            "type": "string",
            "titleLong": "Slice Ids Table",
            "titleShort": "Slice Ids Table",
            "_hash": "1k77uzMUkjc7tCJlGN31GI"
          },
          {
            "key": "sliceIdsTableRow",
            "type": "string",
            "titleLong": "Slice Ids Table Row",
            "titleShort": "Slice Ids Table Row",
            "_hash": "b7tMAXjYmRs96pxCcwt812"
          },
          {
            "key": "componentsTable",
            "type": "string",
            "titleLong": "Components Table",
            "titleShort": "Components Table",
            "_hash": "8oL-bX7Ty76VQFzuIWBrdg"
          },
          {
            "key": "add",
            "type": "json",
            "titleLong": "Add",
            "titleShort": "Add",
            "_hash": "FZN1kwlNoq9Cv6qIWvNg-3"
          },
          {
            "key": "remove",
            "type": "json",
            "titleLong": "Remove",
            "titleShort": "Remove",
            "_hash": "UXIjvdKRUxEq3KTXudtaon"
          }
        ],
        "isHead": false,
        "isRoot": false,
        "isShared": true,
        "_hash": "1vwnm5_U23zQICZu8WRQWM"
      },
      {
        "key": "carColorRefsLayerHistory",
        "type": "history",
        "columns": [
          {
            "key": "_hash",
            "type": "string",
            "titleLong": "Hash",
            "titleShort": "Hash",
            "_hash": "Np5O9L6tfUaUFTAYyx6g5E"
          },
          {
            "key": "timeId",
            "type": "string",
            "titleLong": "Time ID",
            "titleShort": "Time ID",
            "_hash": "h3f2KT-46nyCtBx3cx3P-r"
          },
          {
            "key": "carColorRefsLayerRef",
            "type": "string",
            "titleLong": "Reference",
            "titleShort": "Ref",
            "_hash": "zrJc6TKXks4BHVxV_tQmvy"
          },
          {
            "key": "route",
            "type": "string",
            "titleLong": "Route",
            "titleShort": "Route",
            "_hash": "Vn9lhEP3B4VYT2iRPuknGj"
          },
          {
            "key": "origin",
            "type": "string",
            "titleLong": "Origin",
            "titleShort": "Origin",
            "_hash": "kUSefbcu2Ozrq2HKvZTpRz"
          },
          {
            "key": "previous",
            "type": "jsonArray",
            "titleLong": "Previous",
            "titleShort": "Previous",
            "_hash": "BTy3s7x-cGnl0N0i1rY2wG"
          }
        ],
        "isHead": false,
        "isRoot": false,
        "isShared": false,
        "_hash": "Ims2-MwkQCHMEmuGpxUhw2"
      },
      {
        "key": "carColorRefs",
        "type": "components",
        "columns": [
          {
            "key": "_hash",
            "type": "string",
            "titleLong": "Hash",
            "titleShort": "Hash",
            "_hash": "Np5O9L6tfUaUFTAYyx6g5E"
          },
          {
            "key": "colorSliceId",
            "type": "string",
            "titleLong": "ColorSliceId",
            "titleShort": "colorSliceId",
            "_hash": "-9kkLvdxkVQITyL1u44H7c"
          },
          {
            "key": "colorGeneralRef",
            "type": "string",
            "titleLong": "ColorGeneralRef",
            "titleShort": "colorGeneralRef",
            "_hash": "WGc7Dg-P7I1nay3la62k5J"
          }
        ],
        "isHead": false,
        "isRoot": false,
        "isShared": false,
        "_hash": "XNw5DwnZ5kfGOxmklvuWiZ"
      },
      {
        "key": "carColorRefsHistory",
        "type": "history",
        "columns": [
          {
            "key": "_hash",
            "type": "string",
            "titleLong": "Hash",
            "titleShort": "Hash",
            "_hash": "Np5O9L6tfUaUFTAYyx6g5E"
          },
          {
            "key": "timeId",
            "type": "string",
            "titleLong": "Time ID",
            "titleShort": "Time ID",
            "_hash": "h3f2KT-46nyCtBx3cx3P-r"
          },
          {
            "key": "carColorRefsRef",
            "type": "string",
            "titleLong": "Reference",
            "titleShort": "Ref",
            "_hash": "b1vX1janvpaU0QnG99YmIp"
          },
          {
            "key": "route",
            "type": "string",
            "titleLong": "Route",
            "titleShort": "Route",
            "_hash": "Vn9lhEP3B4VYT2iRPuknGj"
          },
          {
            "key": "origin",
            "type": "string",
            "titleLong": "Origin",
            "titleShort": "Origin",
            "_hash": "kUSefbcu2Ozrq2HKvZTpRz"
          },
          {
            "key": "previous",
            "type": "jsonArray",
            "titleLong": "Previous",
            "titleShort": "Previous",
            "_hash": "BTy3s7x-cGnl0N0i1rY2wG"
          }
        ],
        "isHead": false,
        "isRoot": false,
        "isShared": false,
        "_hash": "b6JMaX0tBnLFTn3Xdv7fKg"
      },
      {
        "key": "carCake",
        "type": "cakes",
        "columns": [
          {
            "key": "_hash",
            "type": "string",
            "titleLong": "Hash",
            "titleShort": "Hash",
            "_hash": "Np5O9L6tfUaUFTAYyx6g5E"
          },
          {
            "key": "sliceIdsTable",
            "type": "string",
            "titleLong": "Slice Ids Table",
            "titleShort": "Slice Ids Table",
            "_hash": "1k77uzMUkjc7tCJlGN31GI"
          },
          {
            "key": "sliceIdsRow",
            "type": "string",
            "titleLong": "Slice Ids Row",
            "titleShort": "Slice Ids Row",
            "_hash": "T3yH4vS0oUYRZAFPq0eIkc"
          },
          {
            "key": "layers",
            "type": "json",
            "titleLong": "Layers",
            "titleShort": "Layers",
            "_hash": "DpUNHLADN7AoClIh7IjdUE"
          },
          {
            "key": "id",
            "type": "string",
            "titleLong": "ID",
            "titleShort": "ID",
            "_hash": "UmazCpc_m0Ww4a9TQd1MpY"
          }
        ],
        "isHead": false,
        "isRoot": false,
        "isShared": true,
        "_hash": "5tcrs9FhrPleZv_JXzetfy"
      },
      {
        "key": "carCakeHistory",
        "type": "history",
        "columns": [
          {
            "key": "_hash",
            "type": "string",
            "titleLong": "Hash",
            "titleShort": "Hash",
            "_hash": "Np5O9L6tfUaUFTAYyx6g5E"
          },
          {
            "key": "timeId",
            "type": "string",
            "titleLong": "Time ID",
            "titleShort": "Time ID",
            "_hash": "h3f2KT-46nyCtBx3cx3P-r"
          },
          {
            "key": "carCakeRef",
            "type": "string",
            "titleLong": "Reference",
            "titleShort": "Ref",
            "_hash": "KzlfQRh5ox6VU5yaGMQZTV"
          },
          {
            "key": "route",
            "type": "string",
            "titleLong": "Route",
            "titleShort": "Route",
            "_hash": "Vn9lhEP3B4VYT2iRPuknGj"
          },
          {
            "key": "origin",
            "type": "string",
            "titleLong": "Origin",
            "titleShort": "Origin",
            "_hash": "kUSefbcu2Ozrq2HKvZTpRz"
          },
          {
            "key": "previous",
            "type": "jsonArray",
            "titleLong": "Previous",
            "titleShort": "Previous",
            "_hash": "BTy3s7x-cGnl0N0i1rY2wG"
          }
        ],
        "isHead": false,
        "isRoot": false,
        "isShared": false,
        "_hash": "D656vP5hULH5lwAilFpanT"
      },
      {
        "key": "carSliceId",
        "type": "sliceIds",
        "columns": [
          {
            "key": "_hash",
            "type": "string",
            "titleLong": "Hash",
            "titleShort": "Hash",
            "_hash": "Np5O9L6tfUaUFTAYyx6g5E"
          },
          {
            "key": "base",
            "type": "string",
            "titleLong": "Base Slice ID",
            "titleShort": "Base",
            "_hash": "o9xR4pvOiAH_Pa2DKOsdTW"
          },
          {
            "key": "add",
            "type": "jsonArray",
            "titleLong": "Slice IDs",
            "titleShort": "IDs",
            "_hash": "_fblsOPzjZqKHBArTgBNfR"
          },
          {
            "key": "remove",
            "type": "jsonArray",
            "titleLong": "Removed Slice IDs",
            "titleShort": "Removed",
            "_hash": "2gv0UnQ6-BRjZJ3lsdzvZ1"
          }
        ],
        "isHead": false,
        "isRoot": false,
        "isShared": false,
        "_hash": "4yM_dWqrCcWxWyt93d4LJx"
      },
      {
        "key": "carSliceIdHistory",
        "type": "history",
        "columns": [
          {
            "key": "_hash",
            "type": "string",
            "titleLong": "Hash",
            "titleShort": "Hash",
            "_hash": "Np5O9L6tfUaUFTAYyx6g5E"
          },
          {
            "key": "timeId",
            "type": "string",
            "titleLong": "Time ID",
            "titleShort": "Time ID",
            "_hash": "h3f2KT-46nyCtBx3cx3P-r"
          },
          {
            "key": "carSliceIdRef",
            "type": "string",
            "titleLong": "Reference",
            "titleShort": "Ref",
            "_hash": "kclIYAaRIM7Fp4oafDILIr"
          },
          {
            "key": "route",
            "type": "string",
            "titleLong": "Route",
            "titleShort": "Route",
            "_hash": "Vn9lhEP3B4VYT2iRPuknGj"
          },
          {
            "key": "origin",
            "type": "string",
            "titleLong": "Origin",
            "titleShort": "Origin",
            "_hash": "kUSefbcu2Ozrq2HKvZTpRz"
          },
          {
            "key": "previous",
            "type": "jsonArray",
            "titleLong": "Previous",
            "titleShort": "Previous",
            "_hash": "BTy3s7x-cGnl0N0i1rY2wG"
          }
        ],
        "isHead": false,
        "isRoot": false,
        "isShared": false,
        "_hash": "dvbj8AbTNiHSOJRU-jkJGM"
      },
      {
        "key": "colorGeneralLayer",
        "type": "layers",
        "columns": [
          {
            "key": "_hash",
            "type": "string",
            "titleLong": "Hash",
            "titleShort": "Hash",
            "_hash": "Np5O9L6tfUaUFTAYyx6g5E"
          },
          {
            "key": "base",
            "type": "string",
            "titleLong": "Base",
            "titleShort": "Base",
            "_hash": "EfTZIQZC5xpkbx3LcIDhlS"
          },
          {
            "key": "sliceIdsTable",
            "type": "string",
            "titleLong": "Slice Ids Table",
            "titleShort": "Slice Ids Table",
            "_hash": "1k77uzMUkjc7tCJlGN31GI"
          },
          {
            "key": "sliceIdsTableRow",
            "type": "string",
            "titleLong": "Slice Ids Table Row",
            "titleShort": "Slice Ids Table Row",
            "_hash": "b7tMAXjYmRs96pxCcwt812"
          },
          {
            "key": "componentsTable",
            "type": "string",
            "titleLong": "Components Table",
            "titleShort": "Components Table",
            "_hash": "8oL-bX7Ty76VQFzuIWBrdg"
          },
          {
            "key": "add",
            "type": "json",
            "titleLong": "Add",
            "titleShort": "Add",
            "_hash": "FZN1kwlNoq9Cv6qIWvNg-3"
          },
          {
            "key": "remove",
            "type": "json",
            "titleLong": "Remove",
            "titleShort": "Remove",
            "_hash": "UXIjvdKRUxEq3KTXudtaon"
          }
        ],
        "isHead": false,
        "isRoot": false,
        "isShared": true,
        "_hash": "8bFwd1s6GY9Ievq0TEmafH"
      },
      {
        "key": "colorGeneralLayerHistory",
        "type": "history",
        "columns": [
          {
            "key": "_hash",
            "type": "string",
            "titleLong": "Hash",
            "titleShort": "Hash",
            "_hash": "Np5O9L6tfUaUFTAYyx6g5E"
          },
          {
            "key": "timeId",
            "type": "string",
            "titleLong": "Time ID",
            "titleShort": "Time ID",
            "_hash": "h3f2KT-46nyCtBx3cx3P-r"
          },
          {
            "key": "colorGeneralLayerRef",
            "type": "string",
            "titleLong": "Reference",
            "titleShort": "Ref",
            "_hash": "6bAnsp4o9Q_6MBQxvCVS91"
          },
          {
            "key": "route",
            "type": "string",
            "titleLong": "Route",
            "titleShort": "Route",
            "_hash": "Vn9lhEP3B4VYT2iRPuknGj"
          },
          {
            "key": "origin",
            "type": "string",
            "titleLong": "Origin",
            "titleShort": "Origin",
            "_hash": "kUSefbcu2Ozrq2HKvZTpRz"
          },
          {
            "key": "previous",
            "type": "jsonArray",
            "titleLong": "Previous",
            "titleShort": "Previous",
            "_hash": "BTy3s7x-cGnl0N0i1rY2wG"
          }
        ],
        "isHead": false,
        "isRoot": false,
        "isShared": false,
        "_hash": "W3rKIrUHjCDcTaMu6mTFP1"
      },
      {
        "key": "colorGeneral",
        "type": "components",
        "columns": [
          {
            "key": "_hash",
            "type": "string",
            "titleLong": "Hash",
            "titleShort": "Hash",
            "_hash": "Np5O9L6tfUaUFTAYyx6g5E"
          },
          {
            "key": "name",
            "type": "string",
            "titleLong": "Name",
            "titleShort": "name",
            "_hash": "zpGBxObOneWRf8WlRfe0wT"
          }
        ],
        "isHead": false,
        "isRoot": false,
        "isShared": false,
        "_hash": "DN5AwXY-0BHn5Dop6ev6AD"
      },
      {
        "key": "colorGeneralHistory",
        "type": "history",
        "columns": [
          {
            "key": "_hash",
            "type": "string",
            "titleLong": "Hash",
            "titleShort": "Hash",
            "_hash": "Np5O9L6tfUaUFTAYyx6g5E"
          },
          {
            "key": "timeId",
            "type": "string",
            "titleLong": "Time ID",
            "titleShort": "Time ID",
            "_hash": "h3f2KT-46nyCtBx3cx3P-r"
          },
          {
            "key": "colorGeneralRef",
            "type": "string",
            "titleLong": "Reference",
            "titleShort": "Ref",
            "_hash": "vUlwNYmAk2wMw-jZ-o0qo0"
          },
          {
            "key": "route",
            "type": "string",
            "titleLong": "Route",
            "titleShort": "Route",
            "_hash": "Vn9lhEP3B4VYT2iRPuknGj"
          },
          {
            "key": "origin",
            "type": "string",
            "titleLong": "Origin",
            "titleShort": "Origin",
            "_hash": "kUSefbcu2Ozrq2HKvZTpRz"
          },
          {
            "key": "previous",
            "type": "jsonArray",
            "titleLong": "Previous",
            "titleShort": "Previous",
            "_hash": "BTy3s7x-cGnl0N0i1rY2wG"
          }
        ],
        "isHead": false,
        "isRoot": false,
        "isShared": false,
        "_hash": "sI_qMXd-LK1CuSGWZ8IzDQ"
      },
      {
        "key": "colorCake",
        "type": "cakes",
        "columns": [
          {
            "key": "_hash",
            "type": "string",
            "titleLong": "Hash",
            "titleShort": "Hash",
            "_hash": "Np5O9L6tfUaUFTAYyx6g5E"
          },
          {
            "key": "sliceIdsTable",
            "type": "string",
            "titleLong": "Slice Ids Table",
            "titleShort": "Slice Ids Table",
            "_hash": "1k77uzMUkjc7tCJlGN31GI"
          },
          {
            "key": "sliceIdsRow",
            "type": "string",
            "titleLong": "Slice Ids Row",
            "titleShort": "Slice Ids Row",
            "_hash": "T3yH4vS0oUYRZAFPq0eIkc"
          },
          {
            "key": "layers",
            "type": "json",
            "titleLong": "Layers",
            "titleShort": "Layers",
            "_hash": "DpUNHLADN7AoClIh7IjdUE"
          },
          {
            "key": "id",
            "type": "string",
            "titleLong": "ID",
            "titleShort": "ID",
            "_hash": "UmazCpc_m0Ww4a9TQd1MpY"
          }
        ],
        "isHead": false,
        "isRoot": false,
        "isShared": true,
        "_hash": "_B0EebPJy0F6OiOjhxyIIL"
      },
      {
        "key": "colorCakeHistory",
        "type": "history",
        "columns": [
          {
            "key": "_hash",
            "type": "string",
            "titleLong": "Hash",
            "titleShort": "Hash",
            "_hash": "Np5O9L6tfUaUFTAYyx6g5E"
          },
          {
            "key": "timeId",
            "type": "string",
            "titleLong": "Time ID",
            "titleShort": "Time ID",
            "_hash": "h3f2KT-46nyCtBx3cx3P-r"
          },
          {
            "key": "colorCakeRef",
            "type": "string",
            "titleLong": "Reference",
            "titleShort": "Ref",
            "_hash": "H7IWUGlDh3OspWsR2zZCoa"
          },
          {
            "key": "route",
            "type": "string",
            "titleLong": "Route",
            "titleShort": "Route",
            "_hash": "Vn9lhEP3B4VYT2iRPuknGj"
          },
          {
            "key": "origin",
            "type": "string",
            "titleLong": "Origin",
            "titleShort": "Origin",
            "_hash": "kUSefbcu2Ozrq2HKvZTpRz"
          },
          {
            "key": "previous",
            "type": "jsonArray",
            "titleLong": "Previous",
            "titleShort": "Previous",
            "_hash": "BTy3s7x-cGnl0N0i1rY2wG"
          }
        ],
        "isHead": false,
        "isRoot": false,
        "isShared": false,
        "_hash": "f8wFICTSjRoqHxrlX82S4O"
      },
      {
        "key": "colorSliceId",
        "type": "sliceIds",
        "columns": [
          {
            "key": "_hash",
            "type": "string",
            "titleLong": "Hash",
            "titleShort": "Hash",
            "_hash": "Np5O9L6tfUaUFTAYyx6g5E"
          },
          {
            "key": "base",
            "type": "string",
            "titleLong": "Base Slice ID",
            "titleShort": "Base",
            "_hash": "o9xR4pvOiAH_Pa2DKOsdTW"
          },
          {
            "key": "add",
            "type": "jsonArray",
            "titleLong": "Slice IDs",
            "titleShort": "IDs",
            "_hash": "_fblsOPzjZqKHBArTgBNfR"
          },
          {
            "key": "remove",
            "type": "jsonArray",
            "titleLong": "Removed Slice IDs",
            "titleShort": "Removed",
            "_hash": "2gv0UnQ6-BRjZJ3lsdzvZ1"
          }
        ],
        "isHead": false,
        "isRoot": false,
        "isShared": false,
        "_hash": "-Hvv09YoAgL5QIM9t7Cf5Q"
      },
      {
        "key": "colorSliceIdHistory",
        "type": "history",
        "columns": [
          {
            "key": "_hash",
            "type": "string",
            "titleLong": "Hash",
            "titleShort": "Hash",
            "_hash": "Np5O9L6tfUaUFTAYyx6g5E"
          },
          {
            "key": "timeId",
            "type": "string",
            "titleLong": "Time ID",
            "titleShort": "Time ID",
            "_hash": "h3f2KT-46nyCtBx3cx3P-r"
          },
          {
            "key": "colorSliceIdRef",
            "type": "string",
            "titleLong": "Reference",
            "titleShort": "Ref",
            "_hash": "FPuZx1lzfiY2cqGTybSe6f"
          },
          {
            "key": "route",
            "type": "string",
            "titleLong": "Route",
            "titleShort": "Route",
            "_hash": "Vn9lhEP3B4VYT2iRPuknGj"
          },
          {
            "key": "origin",
            "type": "string",
            "titleLong": "Origin",
            "titleShort": "Origin",
            "_hash": "kUSefbcu2Ozrq2HKvZTpRz"
          },
          {
            "key": "previous",
            "type": "jsonArray",
            "titleLong": "Previous",
            "titleShort": "Previous",
            "_hash": "BTy3s7x-cGnl0N0i1rY2wG"
          }
        ],
        "isHead": false,
        "isRoot": false,
        "isShared": false,
        "_hash": "0khWjIM8D2ZDb59E3xzp3J"
      }
    ],
    "_hash": "B02WWu0HJ4A-43xT9ZeiX5"
  },
  "_hash": "bRKNyBc-7A8PA_KcVhaKAd"
}