{
  "carSliceId": {
    "_type": "sliceIds",
    "_data": [
      {
        "add": [
          "car1",
          "car2"
        ],
        "_hash": "_nk8S8AyHcfQkgZB4h7np7"
      }
    ],
    "_hash": "1rpYtBgvbwjpxWRubY4PLG",
    "tableCfg": "4yM_dWqrCcWxWyt93d4LJx"
  },
  "carModel": {
    "_data": [
      {
        "model": "X",
        "_hash": "jSKIU_xaQFBLdriXQwYxEs"
      },
      {
        "model": "Y",
        "_hash": "Ss858-cdBHm-x-DXXPVJFj"
      }
    ],
    "_type": "components",
    "_hash": "HKMXgA4KX81Cds1CwygpTc",
    "tableCfg": "D1dZcOESairH050llpIAJ6"
  },
  "carManufacturer": {
    "_data": [
      {
        "manufacturer": "Tesla",
        "_hash": "QpyVdIP4-QnBEUVLsccjHG"
      }
    ],
    "_type": "components",
    "_hash": "5G281I1aik1e85T2P3HTIk",
    "tableCfg": "KGIbzSm1TAVuOyAVWgTYdh"
  },
  "carModelLayer": {
    "_type": "layers",
    "_data": [
      {
        "add": {
          "car1": "jSKIU_xaQFBLdriXQwYxEs",
          "car2": "Ss858-cdBHm-x-DXXPVJFj",
          "_hash": "j1o4E-_7iVvbb1o4Gn6mi4"
        },
        "sliceIdsTable": "carSliceId",
        "sliceIdsTableRow": "_nk8S8AyHcfQkgZB4h7np7",
        "componentsTable": "carModel",
        "_hash": "_bF_LsT-kiQw18vRk1BEhY"
      }
    ],
    "_hash": "KvnsT_UARHsnF7L6W5S2dW",
    "tableCfg": "kroeJzIiPbP2Ka3S6WDseg"
  },
  "carManufacturerLayer": {
    "_type": "layers",
    "_data": [
      {
        "add": {
          "car1": "QpyVdIP4-QnBEUVLsccjHG",
          "car2": "QpyVdIP4-QnBEUVLsccjHG",
          "_hash": "iudxEghRivvWxko6so9q-2"
        },
        "sliceIdsTable": "carSliceId",
        "sliceIdsTableRow": "_nk8S8AyHcfQkgZB4h7np7",
        "componentsTable": "carManufacturer",
        "_hash": "zOu5K9QHP3VskL0QZUe5Mv"
      }
    ],
    "_hash": "nKkG6_SVTkiB7j-_I33xkD",
    "tableCfg": "Q5jnbgJwD4BG-_KYdrdJXZ"
  },
  "carModelHistory": {
    "_type": "history",
    "_data": [],
    "tableCfg": "W38JsqXa8Ae3Kjut9iO8yN",
    "_hash": "GHK2-uz13GT1jfioyujiNi"
  },
  "carManufacturerHistory": {
    "_type": "history",
    "_data": [],
    "tableCfg": "hLx9CU5sMpM9uESxFxbLFa",
    "_hash": "Cev3LuKt1pPP1fjkthyySm"
  },
  "carModelLayerHistory": {
    "_type": "history",
    "_data": [],
    "tableCfg": "ed9fXwFhXdJzTfU-CpmFNJ",
    "_hash": "oW7BZk9hBHn_5hNWmp1rJX"
  },
  "carManufacturerLayerHistory": {
    "_type": "history",
    "_data": [],
    "tableCfg": "xKWsyVs2rzG93vpg-XlEY_",
    "_hash": "09kv6t0IBaoJq9SVztjP56"
  },
  "carCakeHistory": {
    "_type": "history",
    "_data": [],
    "tableCfg": "D656vP5hULH5lwAilFpanT",
    "_hash": "hKj2sGTSFbfqnNAhcLzxfK"
  },
  "carSliceIdHistory": {
    "_type": "history",
    "_data": [],
    "tableCfg": "dvbj8AbTNiHSOJRU-jkJGM",
    "_hash": "NxSzT8QzX6n5ZLhJuJdwm1"
  },
  "carCake": {
    "_type": "cakes",
    "_data": [
      {
        "sliceIdsTable": "carSliceId",
        "sliceIdsRow": "_nk8S8AyHcfQkgZB4h7np7",
        "layers": {
          "carModelLayer": "_bF_LsT-kiQw18vRk1BEhY",
          "carManufacturerLayer": "zOu5K9QHP3VskL0QZUe5Mv",
          "_hash": "LFOCaBObQ8S_S3d1FdhccP"
        },
        "_hash": "EJE0bObdQnUIch7ZQs1mc5"
      }
    ],
    "tableCfg": "5tcrs9FhrPleZv_JXzetfy",
    "_hash": "2n6-lI2jK2WHTWtI5q6eYs"
  },
  "colorSliceId": {
    "_type": "sliceIds",
    "_data": [
      {
        "add": [
          "RAL9000",
          "RAL7000"
        ],
        "_hash": "8Cl7CQ3A3A7KWUYLGkv1g5"
      }
    ],
    "_hash": "-KHey7eC50Ms-Mb3Dd41ak",
    "tableCfg": "-Hvv09YoAgL5QIM9t7Cf5Q"
  },
  "colorGenereral": {
    "_data": [
      {
        "name": "Black",
        "_hash": "cIMFhZaDtJAkCF_h3PCCT1"
      },
      {
        "name": "Gray",
        "_hash": "nxgBIGoNSFZO083VAufXk9"
      }
    ],
    "_type": "components",
    "_hash": "uu6lZgjfkmYTKsZSZ5KGNi",
    "tableCfg": "S35LLhmLQO4lvJPnXhI05X"
  },
  "colorGenereralLayer": {
    "_type": "layers",
    "_data": [
      {
        "add": {
          "RAL9000": "cIMFhZaDtJAkCF_h3PCCT1",
          "RAL7000": "nxgBIGoNSFZO083VAufXk9",
          "_hash": "9AEGfK5CuBEJv3PSVAunCn"
        },
        "sliceIdsTable": "colorSliceId",
        "sliceIdsTableRow": "8Cl7CQ3A3A7KWUYLGkv1g5",
        "componentsTable": "colorGenereral",
        "_hash": "hRwC5LD6igi3ada6XbeoxA"
      }
    ],
    "_hash": "O1VAonjq5KsiB8UQQFEhT9",
    "tableCfg": "THl_yZx514E64HzFQN2S4e"
  },
  "colorGenereralHistory": {
    "_type": "history",
    "_data": [],
    "tableCfg": "sx-Ap4LMQA5xJkkcwwbI7S",
    "_hash": "VsLtoYePWfKVECVgdc7oBZ"
  },
  "colorGenereralLayerHistory": {
    "_type": "history",
    "_data": [],
    "tableCfg": "mScDCQhyK-bldVX3lM_FWX",
    "_hash": "mELuyUo_lvgZOddv7OB9y-"
  },
  "colorCakeHistory": {
    "_type": "history",
    "_data": [],
    "tableCfg": "f8wFICTSjRoqHxrlX82S4O",
    "_hash": "z4ehDks-PzzCGIQ2x_dzFw"
  },
  "colorSliceIdHistory": {
    "_type": "history",
    "_data": [],
    "tableCfg": "0khWjIM8D2ZDb59E3xzp3J",
    "_hash": "DLih7vyjuoRuVE6xBuwpG6"
  },
  "colorCake": {
    "_type": "cakes",
    "_data": [
      {
        "sliceIdsTable": "colorSliceId",
        "sliceIdsRow": "8Cl7CQ3A3A7KWUYLGkv1g5",
        "layers": {
          "colorGenereralLayer": "hRwC5LD6igi3ada6XbeoxA",
          "_hash": "Bom8RVb61XyOgmdfLa-uFO"
        },
        "_hash": "YljKyCAT0LUN7XBZl-s5MS"
      }
    ],
    "tableCfg": "_B0EebPJy0F6OiOjhxyIIL",
    "_hash": "6gru_ng0BevWephCNC7OLv"
  },
  "tableCfgs": {
    "_type": "tableCfgs",
    "_data": [
      {
        "key": "carModelLayer",
        "type": "layers",
        "columns": [
          {
            "key": "_hash",
            "type": "string",
            "titleLong": "Hash",
            "titleShort": "Hash",
            "_hash": "Np5O9L6tfUaUFTAYyx6g5E"
          },
          {
            "key": "base",
            "type": "string",
            "titleLong": "Base",
            "titleShort": "Base",
            "_hash": "EfTZIQZC5xpkbx3LcIDhlS"
          },
          {
            "key": "sliceIdsTable",
            "type": "string",
            "titleLong": "Slice Ids Table",
            "titleShort": "Slice Ids Table",
            "_hash": "1k77uzMUkjc7tCJlGN31GI"
          },
          {
            "key": "sliceIdsTableRow",
            "type": "string",
            "titleLong": "Slice Ids Table Row",
            "titleShort": "Slice Ids Table Row",
            "_hash": "b7tMAXjYmRs96pxCcwt812"
          },
          {
            "key": "componentsTable",
            "type": "string",
            "titleLong": "Components Table",
            "titleShort": "Components Table",
            "_hash": "8oL-bX7Ty76VQFzuIWBrdg"
          },
          {
            "key": "add",
            "type": "json",
            "titleLong": "Add",
            "titleShort": "Add",
            "_hash": "FZN1kwlNoq9Cv6qIWvNg-3"
          },
          {
            "key": "remove",
            "type": "json",
            "titleLong": "Remove",
            "titleShort": "Remove",
            "_hash": "UXIjvdKRUxEq3KTXudtaon"
          }
        ],
        "isHead": false,
        "isRoot": false,
        "isShared": true,
        "_hash": "kroeJzIiPbP2Ka3S6WDseg"
      },
      {
        "key": "carModelLayerHistory",
        "type": "history",
        "columns": [
          {
            "key": "_hash",
            "type": "string",
            "titleLong": "Hash",
            "titleShort": "Hash",
            "_hash": "Np5O9L6tfUaUFTAYyx6g5E"
          },
          {
            "key": "timeId",
            "type": "string",
            "titleLong": "Time ID",
            "titleShort": "Time ID",
            "_hash": "h3f2KT-46nyCtBx3cx3P-r"
          },
          {
            "key": "carModelLayerRef",
            "type": "string",
            "titleLong": "Reference",
            "titleShort": "Ref",
            "_hash": "XZK9VyuocqiThDi4-zryDV"
          },
          {
            "key": "route",
            "type": "string",
            "titleLong": "Route",
            "titleShort": "Route",
            "_hash": "Vn9lhEP3B4VYT2iRPuknGj"
          },
          {
            "key": "origin",
            "type": "string",
            "titleLong": "Origin",
            "titleShort": "Origin",
            "_hash": "kUSefbcu2Ozrq2HKvZTpRz"
          },
          {
            "key": "previous",
            "type": "jsonArray",
            "titleLong": "Previous",
            "titleShort": "Previous",
            "_hash": "BTy3s7x-cGnl0N0i1rY2wG"
          }
        ],
        "isHead": false,
        "isRoot": false,
        "isShared": false,
        "_hash": "ed9fXwFhXdJzTfU-CpmFNJ"
      },
      {
        "key": "carManufacturerLayer",
        "type": "layers",
        "columns": [
          {
            "key": "_hash",
            "type": "string",
            "titleLong": "Hash",
            "titleShort": "Hash",
            "_hash": "Np5O9L6tfUaUFTAYyx6g5E"
          },
          {
            "key": "base",
            "type": "string",
            "titleLong": "Base",
            "titleShort": "Base",
            "_hash": "EfTZIQZC5xpkbx3LcIDhlS"
          },
          {
            "key": "sliceIdsTable",
            "type": "string",
            "titleLong": "Slice Ids Table",
            "titleShort": "Slice Ids Table",
            "_hash": "1k77uzMUkjc7tCJlGN31GI"
          },
          {
            "key": "sliceIdsTableRow",
            "type": "string",
            "titleLong": "Slice Ids Table Row",
            "titleShort": "Slice Ids Table Row",
            "_hash": "b7tMAXjYmRs96pxCcwt812"
          },
          {
            "key": "componentsTable",
            "type": "string",
            "titleLong": "Components Table",
            "titleShort": "Components Table",
            "_hash": "8oL-bX7Ty76VQFzuIWBrdg"
          },
          {
            "key": "add",
            "type": "json",
            "titleLong": "Add",
            "titleShort": "Add",
            "_hash": "FZN1kwlNoq9Cv6qIWvNg-3"
          },
          {
            "key": "remove",
            "type": "json",
            "titleLong": "Remove",
            "titleShort": "Remove",
            "_hash": "UXIjvdKRUxEq3KTXudtaon"
          }
        ],
        "isHead": false,
        "isRoot": false,
        "isShared": true,
        "_hash": "Q5jnbgJwD4BG-_KYdrdJXZ"
      },
      {
        "key": "carManufacturerLayerHistory",
        "type": "history",
        "columns": [
          {
            "key": "_hash",
            "type": "string",
            "titleLong": "Hash",
            "titleShort": "Hash",
            "_hash": "Np5O9L6tfUaUFTAYyx6g5E"
          },
          {
            "key": "timeId",
            "type": "string",
            "titleLong": "Time ID",
            "titleShort": "Time ID",
            "_hash": "h3f2KT-46nyCtBx3cx3P-r"
          },
          {
            "key": "carManufacturerLayerRef",
            "type": "string",
            "titleLong": "Reference",
            "titleShort": "Ref",
            "_hash": "UfNb2fERvGGLTlouZxJnO4"
          },
          {
            "key": "route",
            "type": "string",
            "titleLong": "Route",
            "titleShort": "Route",
            "_hash": "Vn9lhEP3B4VYT2iRPuknGj"
          },
          {
            "key": "origin",
            "type": "string",
            "titleLong": "Origin",
            "titleShort": "Origin",
            "_hash": "kUSefbcu2Ozrq2HKvZTpRz"
          },
          {
            "key": "previous",
            "type": "jsonArray",
            "titleLong": "Previous",
            "titleShort": "Previous",
            "_hash": "BTy3s7x-cGnl0N0i1rY2wG"
          }
        ],
        "isHead": false,
        "isRoot": false,
        "isShared": false,
        "_hash": "xKWsyVs2rzG93vpg-XlEY_"
      },
      {
        "key": "carModel",
        "type": "components",
        "columns": [
          {
            "key": "_hash",
            "type": "string",
            "titleLong": "Hash",
            "titleShort": "Hash",
            "_hash": "Np5O9L6tfUaUFTAYyx6g5E"
          },
          {
            "key": "model",
            "type": "string",
            "titleLong": "Model",
            "titleShort": "model",
            "_hash": "VVe9BvthShRXKDSi8j0v0V"
          }
        ],
        "isHead": false,
        "isRoot": false,
        "isShared": false,
        "_hash": "D1dZcOESairH050llpIAJ6"
      },
      {
        "key": "carModelHistory",
        "type": "history",
        "columns": [
          {
            "key": "_hash",
            "type": "string",
            "titleLong": "Hash",
            "titleShort": "Hash",
            "_hash": "Np5O9L6tfUaUFTAYyx6g5E"
          },
          {
            "key": "timeId",
            "type": "string",
            "titleLong": "Time ID",
            "titleShort": "Time ID",
            "_hash": "h3f2KT-46nyCtBx3cx3P-r"
          },
          {
            "key": "carModelRef",
            "type": "string",
            "titleLong": "Reference",
            "titleShort": "Ref",
            "_hash": "-KvUyAU4jUPO_puogeypc2"
          },
          {
            "key": "route",
            "type": "string",
            "titleLong": "Route",
            "titleShort": "Route",
            "_hash": "Vn9lhEP3B4VYT2iRPuknGj"
          },
          {
            "key": "origin",
            "type": "string",
            "titleLong": "Origin",
            "titleShort": "Origin",
            "_hash": "kUSefbcu2Ozrq2HKvZTpRz"
          },
          {
            "key": "previous",
            "type": "jsonArray",
            "titleLong": "Previous",
            "titleShort": "Previous",
            "_hash": "BTy3s7x-cGnl0N0i1rY2wG"
          }
        ],
        "isHead": false,
        "isRoot": false,
        "isShared": false,
        "_hash": "W38JsqXa8Ae3Kjut9iO8yN"
      },
      {
        "key": "carManufacturer",
        "type": "components",
        "columns": [
          {
            "key": "_hash",
            "type": "string",
            "titleLong": "Hash",
            "titleShort": "Hash",
            "_hash": "Np5O9L6tfUaUFTAYyx6g5E"
          },
          {
            "key": "manufacturer",
            "type": "string",
            "titleLong": "Manufacturer",
            "titleShort": "manufacturer",
            "_hash": "mwM9JT5fVicdLRxUtDFx-9"
          }
        ],
        "isHead": false,
        "isRoot": false,
        "isShared": false,
        "_hash": "KGIbzSm1TAVuOyAVWgTYdh"
      },
      {
        "key": "carManufacturerHistory",
        "type": "history",
        "columns": [
          {
            "key": "_hash",
            "type": "string",
            "titleLong": "Hash",
            "titleShort": "Hash",
            "_hash": "Np5O9L6tfUaUFTAYyx6g5E"
          },
          {
            "key": "timeId",
            "type": "string",
            "titleLong": "Time ID",
            "titleShort": "Time ID",
            "_hash": "h3f2KT-46nyCtBx3cx3P-r"
          },
          {
            "key": "carManufacturerRef",
            "type": "string",
            "titleLong": "Reference",
            "titleShort": "Ref",
            "_hash": "jlmgvYPhL8GaDGScMTnvr1"
          },
          {
            "key": "route",
            "type": "string",
            "titleLong": "Route",
            "titleShort": "Route",
            "_hash": "Vn9lhEP3B4VYT2iRPuknGj"
          },
          {
            "key": "origin",
            "type": "string",
            "titleLong": "Origin",
            "titleShort": "Origin",
            "_hash": "kUSefbcu2Ozrq2HKvZTpRz"
          },
          {
            "key": "previous",
            "type": "jsonArray",
            "titleLong": "Previous",
            "titleShort": "Previous",
            "_hash": "BTy3s7x-cGnl0N0i1rY2wG"
          }
        ],
        "isHead": false,
        "isRoot": false,
        "isShared": false,
        "_hash": "hLx9CU5sMpM9uESxFxbLFa"
      },
      {
        "key": "carCake",
        "type": "cakes",
        "columns": [
          {
            "key": "_hash",
            "type": "string",
            "titleLong": "Hash",
            "titleShort": "Hash",
            "_hash": "Np5O9L6tfUaUFTAYyx6g5E"
          },
          {
            "key": "sliceIdsTable",
            "type": "string",
            "titleLong": "Slice Ids Table",
            "titleShort": "Slice Ids Table",
            "_hash": "1k77uzMUkjc7tCJlGN31GI"
          },
          {
            "key": "sliceIdsRow",
            "type": "string",
            "titleLong": "Slice Ids Row",
            "titleShort": "Slice Ids Row",
            "_hash": "T3yH4vS0oUYRZAFPq0eIkc"
          },
          {
            "key": "layers",
            "type": "json",
            "titleLong": "Layers",
            "titleShort": "Layers",
            "_hash": "DpUNHLADN7AoClIh7IjdUE"
          },
          {
            "key": "id",
            "type": "string",
            "titleLong": "ID",
            "titleShort": "ID",
            "_hash": "UmazCpc_m0Ww4a9TQd1MpY"
          }
        ],
        "isHead": false,
        "isRoot": false,
        "isShared": true,
        "_hash": "5tcrs9FhrPleZv_JXzetfy"
      },
      {
        "key": "carCakeHistory",
        "type": "history",
        "columns": [
          {
            "key": "_hash",
            "type": "string",
            "titleLong": "Hash",
            "titleShort": "Hash",
            "_hash": "Np5O9L6tfUaUFTAYyx6g5E"
          },
          {
            "key": "timeId",
            "type": "string",
            "titleLong": "Time ID",
            "titleShort": "Time ID",
            "_hash": "h3f2KT-46nyCtBx3cx3P-r"
          },
          {
            "key": "carCakeRef",
            "type": "string",
            "titleLong": "Reference",
            "titleShort": "Ref",
            "_hash": "KzlfQRh5ox6VU5yaGMQZTV"
          },
          {
            "key": "route",
            "type": "string",
            "titleLong": "Route",
            "titleShort": "Route",
            "_hash": "Vn9lhEP3B4VYT2iRPuknGj"
          },
          {
            "key": "origin",
            "type": "string",
            "titleLong": "Origin",
            "titleShort": "Origin",
            "_hash": "kUSefbcu2Ozrq2HKvZTpRz"
          },
          {
            "key": "previous",
            "type": "jsonArray",
            "titleLong": "Previous",
            "titleShort": "Previous",
            "_hash": "BTy3s7x-cGnl0N0i1rY2wG"
          }
        ],
        "isHead": false,
        "isRoot": false,
        "isShared": false,
        "_hash": "D656vP5hULH5lwAilFpanT"
      },
      {
        "key": "carSliceId",
        "type": "sliceIds",
        "columns": [
          {
            "key": "_hash",
            "type": "string",
            "titleLong": "Hash",
            "titleShort": "Hash",
            "_hash": "Np5O9L6tfUaUFTAYyx6g5E"
          },
          {
            "key": "base",
            "type": "string",
            "titleLong": "Base Slice ID",
            "titleShort": "Base",
            "_hash": "o9xR4pvOiAH_Pa2DKOsdTW"
          },
          {
            "key": "add",
            "type": "jsonArray",
            "titleLong": "Slice IDs",
            "titleShort": "IDs",
            "_hash": "_fblsOPzjZqKHBArTgBNfR"
          },
          {
            "key": "remove",
            "type": "jsonArray",
            "titleLong": "Removed Slice IDs",
            "titleShort": "Removed",
            "_hash": "2gv0UnQ6-BRjZJ3lsdzvZ1"
          }
        ],
        "isHead": false,
        "isRoot": false,
        "isShared": false,
        "_hash": "4yM_dWqrCcWxWyt93d4LJx"
      },
      {
        "key": "carSliceIdHistory",
        "type": "history",
        "columns": [
          {
            "key": "_hash",
            "type": "string",
            "titleLong": "Hash",
            "titleShort": "Hash",
            "_hash": "Np5O9L6tfUaUFTAYyx6g5E"
          },
          {
            "key": "timeId",
            "type": "string",
            "titleLong": "Time ID",
            "titleShort": "Time ID",
            "_hash": "h3f2KT-46nyCtBx3cx3P-r"
          },
          {
            "key": "carSliceIdRef",
            "type": "string",
            "titleLong": "Reference",
            "titleShort": "Ref",
            "_hash": "kclIYAaRIM7Fp4oafDILIr"
          },
          {
            "key": "route",
            "type": "string",
            "titleLong": "Route",
            "titleShort": "Route",
            "_hash": "Vn9lhEP3B4VYT2iRPuknGj"
          },
          {
            "key": "origin",
            "type": "string",
            "titleLong": "Origin",
            "titleShort": "Origin",
            "_hash": "kUSefbcu2Ozrq2HKvZTpRz"
          },
          {
            "key": "previous",
            "type": "jsonArray",
            "titleLong": "Previous",
            "titleShort": "Previous",
            "_hash": "BTy3s7x-cGnl0N0i1rY2wG"
          }
        ],
        "isHead": false,
        "isRoot": false,
        "isShared": false,
        "_hash": "dvbj8AbTNiHSOJRU-jkJGM"
      },
      {
        "key": "colorGenereralLayer",
        "type": "layers",
        "columns": [
          {
            "key": "_hash",
            "type": "string",
            "titleLong": "Hash",
            "titleShort": "Hash",
            "_hash": "Np5O9L6tfUaUFTAYyx6g5E"
          },
          {
            "key": "base",
            "type": "string",
            "titleLong": "Base",
            "titleShort": "Base",
            "_hash": "EfTZIQZC5xpkbx3LcIDhlS"
          },
          {
            "key": "sliceIdsTable",
            "type": "string",
            "titleLong": "Slice Ids Table",
            "titleShort": "Slice Ids Table",
            "_hash": "1k77uzMUkjc7tCJlGN31GI"
          },
          {
            "key": "sliceIdsTableRow",
            "type": "string",
            "titleLong": "Slice Ids Table Row",
            "titleShort": "Slice Ids Table Row",
            "_hash": "b7tMAXjYmRs96pxCcwt812"
          },
          {
            "key": "componentsTable",
            "type": "string",
            "titleLong": "Components Table",
            "titleShort": "Components Table",
            "_hash": "8oL-bX7Ty76VQFzuIWBrdg"
          },
          {
            "key": "add",
            "type": "json",
            "titleLong": "Add",
            "titleShort": "Add",
            "_hash": "FZN1kwlNoq9Cv6qIWvNg-3"
          },
          {
            "key": "remove",
            "type": "json",
            "titleLong": "Remove",
            "titleShort": "Remove",
            "_hash": "UXIjvdKRUxEq3KTXudtaon"
          }
        ],
        "isHead": false,
        "isRoot": false,
        "isShared": true,
        "_hash": "THl_yZx514E64HzFQN2S4e"
      },
      {
        "key": "colorGenereralLayerHistory",
        "type": "history",
        "columns": [
          {
            "key": "_hash",
            "type": "string",
            "titleLong": "Hash",
            "titleShort": "Hash",
            "_hash": "Np5O9L6tfUaUFTAYyx6g5E"
          },
          {
            "key": "timeId",
            "type": "string",
            "titleLong": "Time ID",
            "titleShort": "Time ID",
            "_hash": "h3f2KT-46nyCtBx3cx3P-r"
          },
          {
            "key": "colorGenereralLayerRef",
            "type": "string",
            "titleLong": "Reference",
            "titleShort": "Ref",
            "_hash": "J3UMF98W4xouAqPRtkGbiv"
          },
          {
            "key": "route",
            "type": "string",
            "titleLong": "Route",
            "titleShort": "Route",
            "_hash": "Vn9lhEP3B4VYT2iRPuknGj"
          },
          {
            "key": "origin",
            "type": "string",
            "titleLong": "Origin",
            "titleShort": "Origin",
            "_hash": "kUSefbcu2Ozrq2HKvZTpRz"
          },
          {
            "key": "previous",
            "type": "jsonArray",
            "titleLong": "Previous",
            "titleShort": "Previous",
            "_hash": "BTy3s7x-cGnl0N0i1rY2wG"
          }
        ],
        "isHead": false,
        "isRoot": false,
        "isShared": false,
        "_hash": "mScDCQhyK-bldVX3lM_FWX"
      },
      {
        "key": "colorGenereral",
        "type": "components",
        "columns": [
          {
            "key": "_hash",
            "type": "string",
            "titleLong": "Hash",
            "titleShort": "Hash",
            "_hash": "Np5O9L6tfUaUFTAYyx6g5E"
          },
          {
            "key": "name",
            "type": "string",
            "titleLong": "Name",
            "titleShort": "name",
            "_hash": "zpGBxObOneWRf8WlRfe0wT"
          }
        ],
        "isHead": false,
        "isRoot": false,
        "isShared": false,
        "_hash": "S35LLhmLQO4lvJPnXhI05X"
      },
      {
        "key": "colorGenereralHistory",
        "type": "history",
        "columns": [
          {
            "key": "_hash",
            "type": "string",
            "titleLong": "Hash",
            "titleShort": "Hash",
            "_hash": "Np5O9L6tfUaUFTAYyx6g5E"
          },
          {
            "key": "timeId",
            "type": "string",
            "titleLong": "Time ID",
            "titleShort": "Time ID",
            "_hash": "h3f2KT-46nyCtBx3cx3P-r"
          },
          {
            "key": "colorGenereralRef",
            "type": "string",
            "titleLong": "Reference",
            "titleShort": "Ref",
            "_hash": "aUUFSGI0K4KmI_s3xBhQ9i"
          },
          {
            "key": "route",
            "type": "string",
            "titleLong": "Route",
            "titleShort": "Route",
            "_hash": "Vn9lhEP3B4VYT2iRPuknGj"
          },
          {
            "key": "origin",
            "type": "string",
            "titleLong": "Origin",
            "titleShort": "Origin",
            "_hash": "kUSefbcu2Ozrq2HKvZTpRz"
          },
          {
            "key": "previous",
            "type": "jsonArray",
            "titleLong": "Previous",
            "titleShort": "Previous",
            "_hash": "BTy3s7x-cGnl0N0i1rY2wG"
          }
        ],
        "isHead": false,
        "isRoot": false,
        "isShared": false,
        "_hash": "sx-Ap4LMQA5xJkkcwwbI7S"
      },
      {
        "key": "colorCake",
        "type": "cakes",
        "columns": [
          {
            "key": "_hash",
            "type": "string",
            "titleLong": "Hash",
            "titleShort": "Hash",
            "_hash": "Np5O9L6tfUaUFTAYyx6g5E"
          },
          {
            "key": "sliceIdsTable",
            "type": "string",
            "titleLong": "Slice Ids Table",
            "titleShort": "Slice Ids Table",
            "_hash": "1k77uzMUkjc7tCJlGN31GI"
          },
          {
            "key": "sliceIdsRow",
            "type": "string",
            "titleLong": "Slice Ids Row",
            "titleShort": "Slice Ids Row",
            "_hash": "T3yH4vS0oUYRZAFPq0eIkc"
          },
          {
            "key": "layers",
            "type": "json",
            "titleLong": "Layers",
            "titleShort": "Layers",
            "_hash": "DpUNHLADN7AoClIh7IjdUE"
          },
          {
            "key": "id",
            "type": "string",
            "titleLong": "ID",
            "titleShort": "ID",
            "_hash": "UmazCpc_m0Ww4a9TQd1MpY"
          }
        ],
        "isHead": false,
        "isRoot": false,
        "isShared": true,
        "_hash": "_B0EebPJy0F6OiOjhxyIIL"
      },
      {
        "key": "colorCakeHistory",
        "type": "history",
        "columns": [
          {
            "key": "_hash",
            "type": "string",
            "titleLong": "Hash",
            "titleShort": "Hash",
            "_hash": "Np5O9L6tfUaUFTAYyx6g5E"
          },
          {
            "key": "timeId",
            "type": "string",
            "titleLong": "Time ID",
            "titleShort": "Time ID",
            "_hash": "h3f2KT-46nyCtBx3cx3P-r"
          },
          {
            "key": "colorCakeRef",
            "type": "string",
            "titleLong": "Reference",
            "titleShort": "Ref",
            "_hash": "H7IWUGlDh3OspWsR2zZCoa"
          },
          {
            "key": "route",
            "type": "string",
            "titleLong": "Route",
            "titleShort": "Route",
            "_hash": "Vn9lhEP3B4VYT2iRPuknGj"
          },
          {
            "key": "origin",
            "type": "string",
            "titleLong": "Origin",
            "titleShort": "Origin",
            "_hash": "kUSefbcu2Ozrq2HKvZTpRz"
          },
          {
            "key": "previous",
            "type": "jsonArray",
            "titleLong": "Previous",
            "titleShort": "Previous",
            "_hash": "BTy3s7x-cGnl0N0i1rY2wG"
          }
        ],
        "isHead": false,
        "isRoot": false,
        "isShared": false,
        "_hash": "f8wFICTSjRoqHxrlX82S4O"
      },
      {
        "key": "colorSliceId",
        "type": "sliceIds",
        "columns": [
          {
            "key": "_hash",
            "type": "string",
            "titleLong": "Hash",
            "titleShort": "Hash",
            "_hash": "Np5O9L6tfUaUFTAYyx6g5E"
          },
          {
            "key": "base",
            "type": "string",
            "titleLong": "Base Slice ID",
            "titleShort": "Base",
            "_hash": "o9xR4pvOiAH_Pa2DKOsdTW"
          },
          {
            "key": "add",
            "type": "jsonArray",
            "titleLong": "Slice IDs",
            "titleShort": "IDs",
            "_hash": "_fblsOPzjZqKHBArTgBNfR"
          },
          {
            "key": "remove",
            "type": "jsonArray",
            "titleLong": "Removed Slice IDs",
            "titleShort": "Removed",
            "_hash": "2gv0UnQ6-BRjZJ3lsdzvZ1"
          }
        ],
        "isHead": false,
        "isRoot": false,
        "isShared": false,
        "_hash": "-Hvv09YoAgL5QIM9t7Cf5Q"
      },
      {
        "key": "colorSliceIdHistory",
        "type": "history",
        "columns": [
          {
            "key": "_hash",
            "type": "string",
            "titleLong": "Hash",
            "titleShort": "Hash",
            "_hash": "Np5O9L6tfUaUFTAYyx6g5E"
          },
          {
            "key": "timeId",
            "type": "string",
            "titleLong": "Time ID",
            "titleShort": "Time ID",
            "_hash": "h3f2KT-46nyCtBx3cx3P-r"
          },
          {
            "key": "colorSliceIdRef",
            "type": "string",
            "titleLong": "Reference",
            "titleShort": "Ref",
            "_hash": "FPuZx1lzfiY2cqGTybSe6f"
          },
          {
            "key": "route",
            "type": "string",
            "titleLong": "Route",
            "titleShort": "Route",
            "_hash": "Vn9lhEP3B4VYT2iRPuknGj"
          },
          {
            "key": "origin",
            "type": "string",
            "titleLong": "Origin",
            "titleShort": "Origin",
            "_hash": "kUSefbcu2Ozrq2HKvZTpRz"
          },
          {
            "key": "previous",
            "type": "jsonArray",
            "titleLong": "Previous",
            "titleShort": "Previous",
            "_hash": "BTy3s7x-cGnl0N0i1rY2wG"
          }
        ],
        "isHead": false,
        "isRoot": false,
        "isShared": false,
        "_hash": "0khWjIM8D2ZDb59E3xzp3J"
      }
    ],
    "_hash": "WDfByS7ave4TowE9fvzI1o"
  },
  "_hash": "i1ZLaN9OwDsfN4_jw6LnK_"
}