{
  "sliceId": {
    "_type": "sliceIds",
    "_data": [
      {
        "add": [
          "car1",
          "car2"
        ],
        "_hash": "_nk8S8AyHcfQkgZB4h7np7"
      }
    ],
    "_hash": "guR8VN34AS7AeQ3sInxtwc"
  },
  "model": {
    "_data": [
      {
        "model": "X",
        "_hash": "jSKIU_xaQFBLdriXQwYxEs"
      },
      {
        "model": "Y",
        "_hash": "Ss858-cdBHm-x-DXXPVJFj"
      }
    ],
    "_hash": "6WNqTvefGlwxlFJk0Hnh8U"
  },
  "manufacturer": {
    "_data": [
      {
        "manufacturer": "Tesla",
        "_hash": "QpyVdIP4-QnBEUVLsccjHG"
      }
    ],
    "_hash": "y9fgcE1k0RKlOWCXaQKO5C"
  },
  "modelLayer": {
    "_type": "layers",
    "_data": [
      {
        "add": {
          "car1": "jSKIU_xaQFBLdriXQwYxEs",
          "car2": "Ss858-cdBHm-x-DXXPVJFj",
          "_hash": "j1o4E-_7iVvbb1o4Gn6mi4"
        },
        "sliceIdsTable": "sliceId",
        "sliceIdsTableRow": "_nk8S8AyHcfQkgZB4h7np7",
        "componentsTable": "model",
        "_hash": "vIp_6US48cj1Rd4HiHAkYD"
      }
    ],
    "_hash": "cevSrasMe3hBPLiNgnElXb"
  },
  "manufacturerLayer": {
    "_type": "layers",
    "_data": [
      {
        "add": {
          "car1": "QpyVdIP4-QnBEUVLsccjHG",
          "car2": "QpyVdIP4-QnBEUVLsccjHG",
          "_hash": "iudxEghRivvWxko6so9q-2"
        },
        "sliceIdsTable": "sliceId",
        "sliceIdsTableRow": "_nk8S8AyHcfQkgZB4h7np7",
        "componentsTable": "manufacturer",
        "_hash": "OUFfnYAJwYZJUCUYEqM5NS"
      }
    ],
    "_hash": "amevzZYlBNW0QZFmcdeSz_"
  },
  "cake": {
    "_type": "cakes",
    "_data": [
      {
        "sliceIdsTable": "sliceId",
        "sliceIdsRow": "_nk8S8AyHcfQkgZB4h7np7",
        "layers": {
          "modelLayer": "vIp_6US48cj1Rd4HiHAkYD",
          "manufacturerLayer": "OUFfnYAJwYZJUCUYEqM5NS",
          "_hash": "vUo5j8yhxDpfqvcthECFHA"
        },
        "_hash": "rTsDd8-XHlJvsLcdbu5ETv"
      }
    ],
    "_hash": "wtXaAfbRvkAWtE9AGToygv"
  },
  "tableCfgs": {
    "_type": "tableCfgs",
    "_data": [
      {
        "key": "cake",
        "type": "cakes",
        "columns": [
          {
            "key": "sliceIdsTable",
            "type": "string",
            "_hash": "aFC-Sy4-HrgjGp_LvfwHDW"
          },
          {
            "key": "sliceIdsRow",
            "type": "string",
            "_hash": "Xg_kc-k0tYxZ-TaTKNeH78"
          },
          {
            "key": "layers",
            "type": "jsonArray",
            "_hash": "_L-xsfPKcsmJ93oSwadBAY"
          },
          {
            "key": "id",
            "type": "string",
            "_hash": "eq2P3RIaSgy81i7PomNUvn"
          }
        ],
        "isHead": false,
        "isRoot": false,
        "isShared": true,
        "_hash": "qmSXHk9hD_6tyi37N5g0iA"
      }
    ],
    "_hash": "du0xsN8nqye3c4DorjQsV5"
  },
  "_hash": "M21hhtLc25yf_efYtU0sDW"
}