{
  "sliceId": {
    "_type": "sliceIds",
    "_data": [
      {
        "add": [
          "car1"
        ],
        "_hash": "kDDxr90W7nJNEn8p2X5Hbl"
      }
    ],
    "_hash": "SG_qsFyRAIOl1nAQrvbVX9"
  },
  "model": {
    "_data": [
      {
        "model": "X",
        "_hash": "jSKIU_xaQFBLdriXQwYxEs"
      }
    ],
    "_hash": "crQppfp050WDt2FCBwEgaY"
  },
  "modelLayer": {
    "_type": "layers",
    "_data": [
      {
        "add": {
          "car1": "jSKIU_xaQFBLdriXQwYxEs",
          "_hash": "lxUYdSgTSEuQBfUxf352LX"
        },
        "sliceIdsTable": "sliceId",
        "sliceIdsTableRow": "kDDxr90W7nJNEn8p2X5Hbl",
        "componentsTable": "model",
        "_hash": "AC_agy2Qjz8E2GgOU3gCxd"
      }
    ],
    "_hash": "Dv8dXacIqoMwp1x1SaXd-s"
  },
  "cake": {
    "_type": "cakes",
    "_data": [
      {
        "sliceIdsTable": "sliceId",
        "sliceIdsRow": "kDDxr90W7nJNEn8p2X5Hbl",
        "layers": {
          "modelLayer": "AC_agy2Qjz8E2GgOU3gCxd",
          "_hash": "9pcxQvjO8arqCy0Ob_5w6g"
        },
        "_hash": "SxGxHLy-r4fJxUwWycBBJA"
      }
    ],
    "_hash": "1lz05arVRxkGdbMz9ZQDnz"
  },
  "tableCfgs": {
    "_type": "tableCfgs",
    "_data": [
      {
        "key": "cake",
        "type": "cakes",
        "columns": [
          {
            "key": "sliceIdsTable",
            "type": "string",
            "_hash": "aFC-Sy4-HrgjGp_LvfwHDW"
          },
          {
            "key": "sliceIdsRow",
            "type": "string",
            "_hash": "Xg_kc-k0tYxZ-TaTKNeH78"
          },
          {
            "key": "layers",
            "type": "jsonArray",
            "_hash": "_L-xsfPKcsmJ93oSwadBAY"
          },
          {
            "key": "id",
            "type": "string",
            "_hash": "eq2P3RIaSgy81i7PomNUvn"
          }
        ],
        "isHead": false,
        "isRoot": false,
        "isShared": true,
        "_hash": "qmSXHk9hD_6tyi37N5g0iA"
      }
    ],
    "_hash": "du0xsN8nqye3c4DorjQsV5"
  },
  "_hash": "5OBvGWuzS-aJ3dd_k6sriJ"
}